Component: ARM Compiler 5.06 update 6 (build 750) Tool: armlink [4d35ed]

==============================================================================

Section Cross References

    uart.o(i.uart_put) refers to uart.o(i.uart_putchar) for uart_putchar
    timer.o(i.initInterrupts) refers to timer.o(i.__NVIC_EnableIRQ) for __NVIC_EnableIRQ
    main.o(i.filter_data_manipulation) refers to dflt_clz.o(x$fpl$dflt) for __aeabi_i2d
    main.o(i.filter_data_manipulation) refers to ddiv.o(x$fpl$ddiv) for __aeabi_ddiv
    main.o(i.filter_data_manipulation) refers to d2f.o(x$fpl$d2f) for __aeabi_d2f
    main.o(i.filter_data_manipulation) refers to camera_ftm.o(.bss) for line
    main.o(i.filter_data_manipulation) refers to main.o(.bss) for SmoothVals
    main.o(i.filter_data_manipulation) refers to main.o(.data) for CuttoffHigh
    main.o(i.initialize_peripherals) refers to uart.o(i.init_uart) for init_uart
    main.o(i.initialize_peripherals) refers to uart.o(i.uart_put) for uart_put
    main.o(i.initialize_peripherals) refers to camera_ftm.o(i.init_GPIO) for init_GPIO
    main.o(i.initialize_peripherals) refers to camera_ftm.o(i.init_FTM2) for init_FTM2
    main.o(i.initialize_peripherals) refers to camera_ftm.o(i.init_ADC0) for init_ADC0
    main.o(i.initialize_peripherals) refers to camera_ftm.o(i.init_PIT) for init_PIT
    main.o(i.initialize_peripherals) refers to pwm_motors.o(i.InitPWM0) for InitPWM0
    main.o(i.initialize_peripherals) refers to pwm_servo.o(i.InitPWM3) for InitPWM3
    main.o(i.main) refers to _printf_percent.o(.ARM.Collect$$_printf_percent$$00000000) for _printf_percent
    main.o(i.main) refers to _printf_i.o(.ARM.Collect$$_printf_percent$$00000008) for _printf_i
    main.o(i.main) refers to _printf_dec.o(.text) for _printf_int_dec
    main.o(i.main) refers to _printf_f.o(.ARM.Collect$$_printf_percent$$00000003) for _printf_f
    main.o(i.main) refers to printf1.o(x$fpl$printf1) for _printf_fp_dec
    main.o(i.main) refers to main.o(i.initialize_peripherals) for initialize_peripherals
    main.o(i.main) refers to main.o(i.filter_data_manipulation) for filter_data_manipulation
    main.o(i.main) refers to noretval__2sprintf.o(.text) for __2sprintf
    main.o(i.main) refers to uart.o(i.uart_put) for uart_put
    main.o(i.main) refers to f2d.o(x$fpl$f2d) for __aeabi_f2d
    main.o(i.main) refers to pwm_motors.o(i.SetDutyCycleR) for SetDutyCycleR
    main.o(i.main) refers to pwm_motors.o(i.SetDutyCycleL) for SetDutyCycleL
    main.o(i.main) refers to pwm_servo.o(i.SetDutyCycleServo) for SetDutyCycleServo
    main.o(i.main) refers to timer.o(i.LED_Activate) for LED_Activate
    main.o(i.main) refers to camera_ftm.o(.data) for debugcamdata
    main.o(i.main) refers to main.o(.bss) for strbuff
    main.o(i.main) refers to main.o(.data) for CAMERA_ERROR_MARGIN
    main.o(i.main_servo_debug) refers to main.o(i.initialize_peripherals) for initialize_peripherals
    main.o(i.main_servo_debug) refers to pwm_servo.o(i.SetDutyCycleServo) for SetDutyCycleServo
    main.o(i.main_servo_debug) refers to main.o(i.delay) for delay
    isr.o(i.FTM0_IRQHandler) refers to isr.o(.data) for COUNTER
    isr.o(i.PORTC_IRQHandler) refers to _printf_percent.o(.ARM.Collect$$_printf_percent$$00000000) for _printf_percent
    isr.o(i.PORTC_IRQHandler) refers to _printf_d.o(.ARM.Collect$$_printf_percent$$00000009) for _printf_d
    isr.o(i.PORTC_IRQHandler) refers to _printf_dec.o(.text) for _printf_int_dec
    isr.o(i.PORTC_IRQHandler) refers to timer.o(i.LED_Activate) for LED_Activate
    isr.o(i.PORTC_IRQHandler) refers to timer.o(i.LED_Deactivate) for LED_Deactivate
    isr.o(i.PORTC_IRQHandler) refers to uart.o(i.uart_put) for uart_put
    isr.o(i.PORTC_IRQHandler) refers to noretval__2sprintf.o(.text) for __2sprintf
    isr.o(i.PORTC_IRQHandler) refers to isr.o(.data) for COUNTER
    camera_ftm.o(i.ADC0_IRQHandler) refers to camera_ftm.o(.data) for ADC0VAL
    camera_ftm.o(i.FTM2_IRQHandler) refers to camera_ftm.o(.data) for clkval
    camera_ftm.o(i.FTM2_IRQHandler) refers to camera_ftm.o(.bss) for line
    camera_ftm.o(i.PIT0_IRQHandler) refers to camera_ftm.o(.data) for debugcamdata
    camera_ftm.o(i.init_ADC0) refers to camera_ftm.o(i.__NVIC_EnableIRQ) for __NVIC_EnableIRQ
    camera_ftm.o(i.init_FTM2) refers to camera_ftm.o(i.__NVIC_EnableIRQ) for __NVIC_EnableIRQ
    camera_ftm.o(i.init_PIT) refers to camera_ftm.o(i.__NVIC_EnableIRQ) for __NVIC_EnableIRQ
    startup_mk64f12.o(STACK) refers (Special) to heapauxi.o(.text) for __use_two_region_memory
    startup_mk64f12.o(HEAP) refers (Special) to heapauxi.o(.text) for __use_two_region_memory
    startup_mk64f12.o(RESET) refers (Special) to heapauxi.o(.text) for __use_two_region_memory
    startup_mk64f12.o(RESET) refers to startup_mk64f12.o(STACK) for __initial_sp
    startup_mk64f12.o(RESET) refers to startup_mk64f12.o(.text) for Reset_Handler
    startup_mk64f12.o(RESET) refers to camera_ftm.o(i.ADC0_IRQHandler) for ADC0_IRQHandler
[...]
    __rtentry2.o(.ARM.Collect$$rtentry$$0000000D) refers to main.o(i.main) for main
    __rtentry2.o(.ARM.Collect$$rtentry$$0000000D) refers to exit.o(.text) for exit
    __rtentry2.o(.ARM.exidx) refers to __rtentry2.o(.ARM.Collect$$rtentry$$00000001) for .ARM.Collect$$rtentry$$00000001
    __rtentry2.o(.ARM.exidx) refers to __rtentry2.o(.ARM.Collect$$rtentry$$00000008) for .ARM.Collect$$rtentry$$00000008
    __rtentry2.o(.ARM.exidx) refers to __rtentry2.o(.ARM.Collect$$rtentry$$0000000A) for .ARM.Collect$$rtentry$$0000000A
    __rtentry2.o(.ARM.exidx) refers to __rtentry2.o(.ARM.Collect$$rtentry$$0000000B) for .ARM.Collect$$rtentry$$0000000B
    __rtentry2.o(.ARM.exidx) refers to __rtentry2.o(.ARM.Collect$$rtentry$$0000000D) for .ARM.Collect$$rtentry$$0000000D
    __rtentry4.o(.ARM.Collect$$rtentry$$00000004) refers to sys_stackheap_outer.o(.text) for __user_setup_stackheap
    __rtentry4.o(.ARM.exidx) refers to __rtentry4.o(.ARM.Collect$$rtentry$$00000004) for .ARM.Collect$$rtentry$$00000004
    rt_locale.o(.text) refers to rt_locale.o(.bss) for __rt_locale_data
    rt_locale_intlibspace.o(.text) refers to libspace.o(.bss) for __libspace_start
    bigflt0.o(.text) refers (Special) to usenofp.o(x$fpl$usenofp) for __I$use$fp
    bigflt0.o(.text) refers to btod.o(CL$$btod_emul) for _btod_emul
    bigflt0.o(.text) refers to btod.o(CL$$btod_ediv) for _btod_ediv
    bigflt0.o(.text) refers to bigflt0.o(.constdata) for .constdata
    bigflt0.o(.constdata) refers (Special) to usenofp.o(x$fpl$usenofp) for __I$use$fp
    btod.o(CL$$btod_d2e) refers (Special) to usenofp.o(x$fpl$usenofp) for __I$use$fp
    btod.o(CL$$btod_d2e) refers to btod.o(CL$$btod_d2e_norm_op1) for _d2e_norm_op1
    btod.o(CL$$btod_d2e_norm_op1) refers (Special) to usenofp.o(x$fpl$usenofp) for __I$use$fp
    btod.o(CL$$btod_d2e_norm_op1) refers to btod.o(CL$$btod_d2e_denorm_low) for _d2e_denorm_low
    btod.o(CL$$btod_d2e_denorm_low) refers (Special) to usenofp.o(x$fpl$usenofp) for __I$use$fp
    btod.o(CL$$btod_emul) refers (Special) to usenofp.o(x$fpl$usenofp) for __I$use$fp
    btod.o(CL$$btod_emul) refers to btod.o(CL$$btod_mult_common) for __btod_mult_common
    btod.o(CL$$btod_emul) refers to btod.o(CL$$btod_e2e) for _e2e
    btod.o(CL$$btod_ediv) refers (Special) to usenofp.o(x$fpl$usenofp) for __I$use$fp
    btod.o(CL$$btod_ediv) refers to btod.o(CL$$btod_div_common) for __btod_div_common
    btod.o(CL$$btod_ediv) refers to btod.o(CL$$btod_e2e) for _e2e
    btod.o(CL$$btod_emuld) refers (Special) to usenofp.o(x$fpl$usenofp) for __I$use$fp
    btod.o(CL$$btod_emuld) refers to btod.o(CL$$btod_mult_common) for __btod_mult_common
    btod.o(CL$$btod_emuld) refers to btod.o(CL$$btod_e2d) for _e2d
    btod.o(CL$$btod_edivd) refers (Special) to usenofp.o(x$fpl$usenofp) for __I$use$fp
    btod.o(CL$$btod_edivd) refers to btod.o(CL$$btod_div_common) for __btod_div_common
    btod.o(CL$$btod_edivd) refers to btod.o(CL$$btod_e2d) for _e2d
    btod.o(CL$$btod_e2e) refers (Special) to usenofp.o(x$fpl$usenofp) for __I$use$fp
    btod.o(CL$$btod_e2d) refers (Special) to usenofp.o(x$fpl$usenofp) for __I$use$fp
    btod.o(CL$$btod_e2d) refers to btod.o(CL$$btod_e2e) for _e2e
    btod.o(CL$$btod_mult_common) refers (Special) to usenofp.o(x$fpl$usenofp) for __I$use$fp
    btod.o(CL$$btod_div_common) refers (Special) to usenofp.o(x$fpl$usenofp) for __I$use$fp
    lc_numeric_c.o(locale$$data) refers (Special) to libinit2.o(.ARM.Collect$$libinit$$00000016) for __rt_lib_init_lc_numeric_2
    lc_numeric_c.o(locale$$code) refers (Special) to libinit2.o(.ARM.Collect$$libinit$$00000016) for __rt_lib_init_lc_numeric_2
    lc_numeric_c.o(locale$$code) refers to strcmpv7m.o(.text) for strcmp
    lc_numeric_c.o(locale$$code) refers to lc_numeric_c.o(locale$$data) for __lcnum_c_name
    istatus.o(x$fpl$ieeestatus) refers (Special) to usenofp.o(x$fpl$usenofp) for __I$use$fp
    fpclassify.o(i.__ARM_fpclassify) refers (Special) to usenofp.o(x$fpl$usenofp) for __I$use$fp
    libspace.o(.text) refers to libspace.o(.bss) for __libspace_start
    sys_stackheap_outer.o(.text) refers to libspace.o(.text) for __user_perproc_libspace
    sys_stackheap_outer.o(.text) refers to startup_mk64f12.o(.text) for __user_initial_stackheap
    exit.o(.text) refers to rtexit.o(.ARM.Collect$$rtexit$$00000000) for __rt_exit
    libinit.o(.ARM.Collect$$libinit$$00000000) refers (Special) to libinit2.o(.ARM.Collect$$libinit$$0000002E) for __rt_lib_init_alloca_1
    libinit.o(.ARM.Collect$$libinit$$00000000) refers (Special) to libinit2.o(.ARM.Collect$$libinit$$0000002C) for __rt_lib_init_argv_1
    libinit.o(.ARM.Collect$$libinit$$00000000) refers (Special) to libinit2.o(.ARM.Collect$$libinit$$0000001B) for __rt_lib_init_atexit_1
    libinit.o(.ARM.Collect$$libinit$$00000000) refers (Special) to libinit2.o(.ARM.Collect$$libinit$$00000021) for __rt_lib_init_clock_1
    libinit.o(.ARM.Collect$$libinit$$00000000) refers (Special) to libinit2.o(.ARM.Collect$$libinit$$00000032) for __rt_lib_init_cpp_1
    libinit.o(.ARM.Collect$$libinit$$00000000) refers (Special) to libinit2.o(.ARM.Collect$$libinit$$00000030) for __rt_lib_init_exceptions_1
    libinit.o(.ARM.Collect$$libinit$$00000000) refers (Special) to libinit2.o(.ARM.Collect$$libinit$$00000001) for __rt_lib_init_fp_1
    libinit.o(.ARM.Collect$$libinit$$00000000) refers (Special) to libinit2.o(.ARM.Collect$$libinit$$0000001F) for __rt_lib_init_fp_trap_1
    libinit.o(.ARM.Collect$$libinit$$00000000) refers (Special) to libinit2.o(.ARM.Collect$$libinit$$00000023) for __rt_lib_init_getenv_1
    libinit.o(.ARM.Collect$$libinit$$00000000) refers (Special) to libinit2.o(.ARM.Collect$$libinit$$0000000A) for __rt_lib_init_heap_1
    libinit.o(.ARM.Collect$$libinit$$00000000) refers (Special) to libinit2.o(.ARM.Collect$$libinit$$00000011) for __rt_lib_init_lc_collate_1
    libinit.o(.ARM.Collect$$libinit$$00000000) refers (Special) to libinit2.o(.ARM.Collect$$libinit$$00000013) for __rt_lib_init_lc_ctype_1
    libinit.o(.ARM.Collect$$libinit$$00000000) refers (Special) to libinit2.o(.ARM.Collect$$libinit$$00000015) for __rt_lib_init_lc_monetary_1
    libinit.o(.ARM.Collect$$libinit$$00000000) refers (Special) to libinit2.o(.ARM.Collect$$libinit$$00000017) for __rt_lib_init_lc_numeric_1
    libinit.o(.ARM.Collect$$libinit$$00000000) refers (Special) to libinit2.o(.ARM.Collect$$libinit$$00000019) for __rt_lib_init_lc_time_1
    libinit.o(.ARM.Collect$$libinit$$00000000) refers (Special) to libinit2.o(.ARM.Collect$$libinit$$00000004) for __rt_lib_init_preinit_1
    libinit.o(.ARM.Collect$$libinit$$00000000) refers (Special) to libinit2.o(.ARM.Collect$$libinit$$0000000E) for __rt_lib_init_rand_1
    libinit.o(.ARM.Collect$$libinit$$00000000) refers (Special) to libinit2.o(.ARM.Collect$$libinit$$00000033) for __rt_lib_init_return
    libinit.o(.ARM.Collect$$libinit$$00000000) refers (Special) to libinit2.o(.ARM.Collect$$libinit$$0000001D) for __rt_lib_init_signal_1
    libinit.o(.ARM.Collect$$libinit$$00000000) refers (Special) to libinit2.o(.ARM.Collect$$libinit$$00000025) for __rt_lib_init_stdio_1
    libinit.o(.ARM.Collect$$libinit$$00000000) refers (Special) to libinit2.o(.ARM.Collect$$libinit$$0000000C) for __rt_lib_init_user_alloc_1
    libinit2.o(.ARM.Collect$$libinit$$00000001) refers to fpinit.o(x$fpl$fpinit) for _fp_init
    libinit2.o(.ARM.Collect$$libinit$$0000000F) refers (Weak) to rt_locale_intlibspace.o(.text) for __rt_locale
    libinit2.o(.ARM.Collect$$libinit$$00000010) refers to libinit2.o(.ARM.Collect$$libinit$$0000000F) for .ARM.Collect$$libinit$$0000000F
    libinit2.o(.ARM.Collect$$libinit$$00000012) refers to libinit2.o(.ARM.Collect$$libinit$$0000000F) for .ARM.Collect$$libinit$$0000000F
    libinit2.o(.ARM.Collect$$libinit$$00000014) refers to libinit2.o(.ARM.Collect$$libinit$$0000000F) for .ARM.Collect$$libinit$$0000000F
    libinit2.o(.ARM.Collect$$libinit$$00000016) refers to libinit2.o(.ARM.Collect$$libinit$$0000000F) for .ARM.Collect$$libinit$$0000000F
    libinit2.o(.ARM.Collect$$libinit$$00000016) refers (Weak) to lc_numeric_c.o(locale$$code) for _get_lc_numeric
    libinit2.o(.ARM.Collect$$libinit$$00000018) refers to libinit2.o(.ARM.Collect$$libinit$$0000000F) for .ARM.Collect$$libinit$$0000000F
    libinit2.o(.ARM.Collect$$libinit$$00000026) refers to argv_veneer.o(.emb_text) for __ARM_argv_veneer
    libinit2.o(.ARM.Collect$$libinit$$00000027) refers to argv_veneer.o(.emb_text) for __ARM_argv_veneer
    rtexit.o(.ARM.Collect$$rtexit$$00000000) refers (Special) to rtexit2.o(.ARM.Collect$$rtexit$$00000004) for __rt_exit_exit
    rtexit.o(.ARM.Collect$$rtexit$$00000000) refers (Special) to rtexit2.o(.ARM.Collect$$rtexit$$00000003) for __rt_exit_ls
    rtexit.o(.ARM.Collect$$rtexit$$00000000) refers (Special) to rtexit2.o(.ARM.Collect$$rtexit$$00000002) for __rt_exit_prels_1
    rtexit.o(.ARM.exidx) refers (Special) to rtexit2.o(.ARM.Collect$$rtexit$$00000004) for __rt_exit_exit
    rtexit.o(.ARM.exidx) refers (Special) to rtexit2.o(.ARM.Collect$$rtexit$$00000003) for __rt_exit_ls
    rtexit.o(.ARM.exidx) refers (Special) to rtexit2.o(.ARM.Collect$$rtexit$$00000002) for __rt_exit_prels_1
    rtexit.o(.ARM.exidx) refers to rtexit.o(.ARM.Collect$$rtexit$$00000000) for .ARM.Collect$$rtexit$$00000000
    argv_veneer.o(.emb_text) refers to no_argv.o(.text) for __ARM_get_argv
    rtexit2.o(.ARM.Collect$$rtexit$$00000003) refers to libshutdown.o(.ARM.Collect$$libshutdown$$00000000) for __rt_lib_shutdown
    rtexit2.o(.ARM.Collect$$rtexit$$00000004) refers to sys_exit.o(.text) for _sys_exit
    rtexit2.o(.ARM.exidx) refers to rtexit2.o(.ARM.Collect$$rtexit$$00000001) for .ARM.Collect$$rtexit$$00000001
    rtexit2.o(.ARM.exidx) refers to rtexit2.o(.ARM.Collect$$rtexit$$00000003) for .ARM.Collect$$rtexit$$00000003
    rtexit2.o(.ARM.exidx) refers to rtexit2.o(.ARM.Collect$$rtexit$$00000004) for .ARM.Collect$$rtexit$$00000004
    _get_argv_nomalloc.o(.text) refers (Special) to hrguard.o(.text) for __heap_region$guard
    _get_argv_nomalloc.o(.text) refers to defsig_rtmem_outer.o(.text) for __rt_SIGRTMEM
    _get_argv_nomalloc.o(.text) refers to sys_command.o(.text) for _sys_command_string
    sys_command.o(.text) refers (Special) to use_no_semi.o(.text) for __I$use$semihosting
    sys_command.o(.text) refers (Special) to indicate_semi.o(.text) for __semihosting_library_function
    sys_exit.o(.text) refers (Special) to use_no_semi.o(.text) for __I$use$semihosting
    sys_exit.o(.text) refers (Special) to indicate_semi.o(.text) for __semihosting_library_function
    defsig_rtmem_outer.o(.text) refers to defsig_rtmem_inner.o(.text) for __rt_SIGRTMEM_inner
    defsig_rtmem_outer.o(.text) refers to defsig_exit.o(.text) for __sig_exit
    defsig_rtmem_formal.o(.text) refers to rt_raise.o(.text) for __rt_raise
    libshutdown.o(.ARM.Collect$$libshutdown$$00000000) refers (Special) to libshutdown2.o(.ARM.Collect$$libshutdown$$00000002) for __rt_lib_shutdown_cpp_1
    libshutdown.o(.ARM.Collect$$libshutdown$$00000000) refers (Special) to libshutdown2.o(.ARM.Collect$$libshutdown$$00000007) for __rt_lib_shutdown_fp_trap_1
    libshutdown.o(.ARM.Collect$$libshutdown$$00000000) refers (Special) to libshutdown2.o(.ARM.Collect$$libshutdown$$0000000F) for __rt_lib_shutdown_heap_1
    libshutdown.o(.ARM.Collect$$libshutdown$$00000000) refers (Special) to libshutdown2.o(.ARM.Collect$$libshutdown$$00000010) for __rt_lib_shutdown_return
    libshutdown.o(.ARM.Collect$$libshutdown$$00000000) refers (Special) to libshutdown2.o(.ARM.Collect$$libshutdown$$0000000A) for __rt_lib_shutdown_signal_1
    libshutdown.o(.ARM.Collect$$libshutdown$$00000000) refers (Special) to libshutdown2.o(.ARM.Collect$$libshutdown$$00000004) for __rt_lib_shutdown_stdio_1
    libshutdown.o(.ARM.Collect$$libshutdown$$00000000) refers (Special) to libshutdown2.o(.ARM.Collect$$libshutdown$$0000000C) for __rt_lib_shutdown_user_alloc_1
    rt_raise.o(.text) refers to __raise.o(.text) for __raise
    rt_raise.o(.text) refers to sys_exit.o(.text) for _sys_exit
    defsig_exit.o(.text) refers to sys_exit.o(.text) for _sys_exit
    defsig_rtmem_inner.o(.text) refers to defsig_general.o(.text) for __default_signal_display
    __raise.o(.text) refers to defsig.o(CL$$defsig) for __default_signal_handler
    defsig_general.o(.text) refers to sys_wrch.o(.text) for _ttywrch
    sys_wrch.o(.text) refers (Special) to use_no_semi.o(.text) for __I$use$semihosting
    sys_wrch.o(.text) refers (Special) to indicate_semi.o(.text) for __semihosting_library_function
    defsig.o(CL$$defsig) refers to defsig_rtmem_inner.o(.text) for __rt_SIGRTMEM_inner
    defsig_abrt_inner.o(.text) refers to defsig_general.o(.text) for __default_signal_display
    defsig_fpe_inner.o(.text) refers to defsig_general.o(.text) for __default_signal_display
    defsig_rtred_inner.o(.text) refers to defsig_general.o(.text) for __default_signal_display
    defsig_stak_inner.o(.text) refers to defsig_general.o(.text) for __default_signal_display
    defsig_pvfn_inner.o(.text) refers to defsig_general.o(.text) for __default_signal_display
    defsig_cppl_inner.o(.text) refers to defsig_general.o(.text) for __default_signal_display
    defsig_segv_inner.o(.text) refers to defsig_general.o(.text) for __default_signal_display
    defsig_other.o(.text) refers to defsig_general.o(.text) for __default_signal_display


==============================================================================

Removing Unused input sections from the image.

    Removing uart.o(.rev16_text), (4 bytes).
    Removing uart.o(.revsh_text), (4 bytes).
    Removing uart.o(.rrx_text), (6 bytes).
    Removing uart.o(i.uart_getchar), (24 bytes).
    Removing timer.o(.rev16_text), (4 bytes).
    Removing timer.o(.revsh_text), (4 bytes).
    Removing timer.o(.rrx_text), (6 bytes).
    Removing timer.o(i.__NVIC_EnableIRQ), (34 bytes).
    Removing timer.o(i.initFTM), (84 bytes).
    Removing timer.o(i.initGPIO), (204 bytes).
    Removing timer.o(i.initInterrupts), (28 bytes).
    Removing timer.o(i.initPDB), (124 bytes).
    Removing main.o(.rev16_text), (4 bytes).
    Removing main.o(.revsh_text), (4 bytes).
    Removing main.o(.rrx_text), (6 bytes).
    Removing main.o(i.delay), (20 bytes).
    Removing main.o(i.main_servo_debug), (60 bytes).
    Removing isr.o(.rev16_text), (4 bytes).
    Removing isr.o(.revsh_text), (4 bytes).
    Removing isr.o(.rrx_text), (6 bytes).
    Removing pwm_motors.o(.rev16_text), (4 bytes).
    Removing pwm_motors.o(.revsh_text), (4 bytes).
    Removing pwm_motors.o(.rrx_text), (6 bytes).
    Removing pwm_motors.o(.data), (4 bytes).
    Removing pwm_servo.o(.rev16_text), (4 bytes).
    Removing pwm_servo.o(.revsh_text), (4 bytes).
    Removing pwm_servo.o(.rrx_text), (6 bytes).
    Removing pwm_servo.o(.data), (4 bytes).
    Removing camera_ftm.o(.rev16_text), (4 bytes).
    Removing camera_ftm.o(.revsh_text), (4 bytes).
    Removing camera_ftm.o(.rrx_text), (6 bytes).
    Removing system_mk64f12.o(.rev16_text), (4 bytes).
    Removing system_mk64f12.o(.revsh_text), (4 bytes).
    Removing system_mk64f12.o(.rrx_text), (6 bytes).
    Removing system_mk64f12.o(i.SystemCoreClockUpdate), (344 bytes).
    Removing system_mk64f12.o(.data), (4 bytes).

36 unused section(s) (total 1046 bytes) removed from the image.

==============================================================================

Image Symbol Table

    Local Symbols

    Symbol Name                              Value     Ov Type        Size  Object(Section)

    RESET                                    0x00000000   Section     1024  startup_mk64f12.o(RESET)
    ../clib/angel/boardlib.s                 0x00000000   Number         0  boardshut.o ABSOLUTE
    ../clib/angel/boardlib.s                 0x00000000   Number         0  boardinit1.o ABSOLUTE
    ../clib/angel/boardlib.s                 0x00000000   Number         0  boardinit2.o ABSOLUTE
    ../clib/angel/boardlib.s                 0x00000000   Number         0  boardinit3.o ABSOLUTE
    ../clib/angel/handlers.s                 0x00000000   Number         0  __scatter_zi.o ABSOLUTE
    ../clib/angel/handlers.s                 0x00000000   Number         0  __scatter_copy.o ABSOLUTE
    ../clib/angel/kernel.s                   0x00000000   Number         0  __rtentry2.o ABSOLUTE
    ../clib/angel/kernel.s                   0x00000000   Number         0  __rtentry4.o ABSOLUTE
    ../clib/angel/kernel.s                   0x00000000   Number         0  __rtentry.o ABSOLUTE
    ../clib/angel/kernel.s                   0x00000000   Number         0  rtexit2.o ABSOLUTE
    ../clib/angel/kernel.s                   0x00000000   Number         0  rtexit.o ABSOLUTE
    ../clib/angel/rt.s                       0x00000000   Number         0  rt_raise.o ABSOLUTE
    ../clib/angel/rt.s                       0x00000000   Number         0  rt_locale_intlibspace.o ABSOLUTE
    ../clib/angel/rt.s                       0x00000000   Number         0  rt_locale.o ABSOLUTE
    ../clib/angel/scatter.s                  0x00000000   Number         0  __scatter.o ABSOLUTE
    ../clib/angel/startup.s                  0x00000000   Number         0  __main.o ABSOLUTE
    ../clib/angel/sys.s                      0x00000000   Number         0  libspace.o ABSOLUTE
    ../clib/angel/sys.s                      0x00000000   Number         0  sys_stackheap_outer.o ABSOLUTE
    ../clib/angel/sys.s                      0x00000000   Number         0  use_no_semi.o ABSOLUTE
    ../clib/angel/sys.s                      0x00000000   Number         0  indicate_semi.o ABSOLUTE
    ../clib/angel/sysapp.c                   0x00000000   Number         0  sys_wrch.o ABSOLUTE
    ../clib/angel/sysapp.c                   0x00000000   Number         0  sys_command.o ABSOLUTE
    ../clib/angel/sysapp.c                   0x00000000   Number         0  sys_exit.o ABSOLUTE
    ../clib/armsys.c                         0x00000000   Number         0  argv_veneer.o ABSOLUTE
    ../clib/armsys.c                         0x00000000   Number         0  _get_argv_nomalloc.o ABSOLUTE
    ../clib/armsys.c                         0x00000000   Number         0  no_argv.o ABSOLUTE
    ../clib/armsys.c                         0x00000000   Number         0  argv_veneer.o ABSOLUTE
    ../clib/bigflt.c                         0x00000000   Number         0  bigflt0.o ABSOLUTE
    ../clib/btod.s                           0x00000000   Number         0  btod.o ABSOLUTE
    ../clib/heapalloc.c                      0x00000000   Number         0  hrguard.o ABSOLUTE
    ../clib/heapaux.c                        0x00000000   Number         0  heapauxi.o ABSOLUTE
    ../clib/libinit.s                        0x00000000   Number         0  libinit2.o ABSOLUTE
    ../clib/libinit.s                        0x00000000   Number         0  libinit.o ABSOLUTE
    ../clib/libinit.s                        0x00000000   Number         0  libshutdown2.o ABSOLUTE
    ../clib/libinit.s                        0x00000000   Number         0  libshutdown.o ABSOLUTE
    ../clib/locale.s                         0x00000000   Number         0  lc_numeric_c.o ABSOLUTE
    ../clib/longlong.s                       0x00000000   Number         0  lludiv10.o ABSOLUTE
    ../clib/memcpset.s                       0x00000000   Number         0  strcmpv7m.o ABSOLUTE
    ../clib/printf.c                         0x00000000   Number         0  _printf_intcommon.o ABSOLUTE
    ../clib/printf.c                         0x00000000   Number         0  _printf_fp_dec.o ABSOLUTE
    ../clib/printf.c                         0x00000000   Number         0  _printf_char_common.o ABSOLUTE
    ../clib/printf.c                         0x00000000   Number         0  _sputc.o ABSOLUTE
    ../clib/printf.c                         0x00000000   Number         0  __printf_nopercent.o ABSOLUTE
    ../clib/printf.c                         0x00000000   Number         0  _printf_fp_infnan.o ABSOLUTE
    ../clib/printf.c                         0x00000000   Number         0  __2sprintf.o ABSOLUTE
    ../clib/printf.c                         0x00000000   Number         0  noretval__2sprintf.o ABSOLUTE
    ../clib/printf.c                         0x00000000   Number         0  __printf.o ABSOLUTE
    ../clib/printf.c                         0x00000000   Number         0  _printf_dec.o ABSOLUTE
    ../clib/printf.c                         0x00000000   Number         0  __printf_flags.o ABSOLUTE
    ../clib/printf.c                         0x00000000   Number         0  __printf_ss.o ABSOLUTE
    ../clib/printf.c                         0x00000000   Number         0  __printf_flags_ss.o ABSOLUTE
    ../clib/printf.c                         0x00000000   Number         0  __printf_wp.o ABSOLUTE
    ../clib/printf.c                         0x00000000   Number         0  __printf_flags_wp.o ABSOLUTE
    ../clib/printf.c                         0x00000000   Number         0  __printf_ss_wp.o ABSOLUTE
    ../clib/printf.c                         0x00000000   Number         0  __printf_flags_ss_wp.o ABSOLUTE
    ../clib/printf_percent.s                 0x00000000   Number         0  _printf_i.o ABSOLUTE
    ../clib/printf_percent.s                 0x00000000   Number         0  _printf_d.o ABSOLUTE
    ../clib/printf_percent.s                 0x00000000   Number         0  _printf_percent_end.o ABSOLUTE
    ../clib/printf_percent.s                 0x00000000   Number         0  _printf_f.o ABSOLUTE
    ../clib/printf_percent.s                 0x00000000   Number         0  _printf_percent.o ABSOLUTE
    ../clib/signal.c                         0x00000000   Number         0  __raise.o ABSOLUTE
    ../clib/signal.c                         0x00000000   Number         0  defsig_rtmem_formal.o ABSOLUTE
    ../clib/signal.c                         0x00000000   Number         0  defsig_rtmem_outer.o ABSOLUTE
    ../clib/signal.c                         0x00000000   Number         0  defsig_abrt_inner.o ABSOLUTE
    ../clib/signal.c                         0x00000000   Number         0  defsig_other.o ABSOLUTE
    ../clib/signal.c                         0x00000000   Number         0  defsig_segv_inner.o ABSOLUTE
    ../clib/signal.c                         0x00000000   Number         0  defsig_cppl_inner.o ABSOLUTE
    ../clib/signal.c                         0x00000000   Number         0  defsig_pvfn_inner.o ABSOLUTE
    ../clib/signal.c                         0x00000000   Number         0  defsig_stak_inner.o ABSOLUTE
    ../clib/signal.c                         0x00000000   Number         0  defsig_rtred_inner.o ABSOLUTE
    ../clib/signal.c                         0x00000000   Number         0  defsig_fpe_inner.o ABSOLUTE
    ../clib/signal.c                         0x00000000   Number         0  defsig_rtmem_inner.o ABSOLUTE
    ../clib/signal.c                         0x00000000   Number         0  defsig_exit.o ABSOLUTE
    ../clib/signal.c                         0x00000000   Number         0  defsig_general.o ABSOLUTE
    ../clib/signal.s                         0x00000000   Number         0  defsig.o ABSOLUTE
    ../clib/stdlib.c                         0x00000000   Number         0  exit.o ABSOLUTE
    ../fplib/d2f.s                           0x00000000   Number         0  d2f.o ABSOLUTE
    ../fplib/ddiv.s                          0x00000000   Number         0  ddiv.o ABSOLUTE
    ../fplib/dflt.s                          0x00000000   Number         0  dflt_clz.o ABSOLUTE
    ../fplib/dnaninf.s                       0x00000000   Number         0  dnaninf.o ABSOLUTE
    ../fplib/dretinf.s                       0x00000000   Number         0  dretinf.o ABSOLUTE
    ../fplib/f2d.s                           0x00000000   Number         0  f2d.o ABSOLUTE
    ../fplib/fnaninf.s                       0x00000000   Number         0  fnaninf.o ABSOLUTE
    ../fplib/fpinit.s                        0x00000000   Number         0  fpinit.o ABSOLUTE
    ../fplib/fretinf.s                       0x00000000   Number         0  fretinf.o ABSOLUTE
    ../fplib/istatus.s                       0x00000000   Number         0  istatus.o ABSOLUTE
    ../fplib/printf1.s                       0x00000000   Number         0  printf1.o ABSOLUTE
    ../fplib/usenofp.s                       0x00000000   Number         0  usenofp.o ABSOLUTE
    ../mathlib/fpclassify.c                  0x00000000   Number         0  fpclassify.o ABSOLUTE
    RTE\Device\MK64FN1M0xxx12\startup_MK64F12.s 0x00000000   Number         0  startup_mk64f12.o ABSOLUTE
    RTE\Device\MK64FN1M0xxx12\system_MK64F12.c 0x00000000   Number         0  system_mk64f12.o ABSOLUTE
    RTE\\Device\\MK64FN1M0xxx12\\system_MK64F12.c 0x00000000   Number         0  system_mk64f12.o ABSOLUTE
    camera_FTM.c                             0x00000000   Number         0  camera_ftm.o ABSOLUTE
    camera_FTM.c                             0x00000000   Number         0  camera_ftm.o ABSOLUTE
    dc.s                                     0x00000000   Number         0  dc.o ABSOLUTE
    isr.c                                    0x00000000   Number         0  isr.o ABSOLUTE
    isr.c                                    0x00000000   Number         0  isr.o ABSOLUTE
    main.c                                   0x00000000   Number         0  main.o ABSOLUTE
    main.c                                   0x00000000   Number         0  main.o ABSOLUTE
    pwm_motors.c                             0x00000000   Number         0  pwm_motors.o ABSOLUTE
    pwm_motors.c                             0x00000000   Number         0  pwm_motors.o ABSOLUTE
    pwm_servo.c                              0x00000000   Number         0  pwm_servo.o ABSOLUTE
    pwm_servo.c                              0x00000000   Number         0  pwm_servo.o ABSOLUTE
    timer.c                                  0x00000000   Number         0  timer.o ABSOLUTE
    timer.c                                  0x00000000   Number         0  timer.o ABSOLUTE
    uart.c                                   0x00000000   Number         0  uart.o ABSOLUTE
    uart.c                                   0x00000000   Number         0  uart.o ABSOLUTE
    .ARM.__at_0x400                          0x00000400   Section       16  startup_mk64f12.o(.ARM.__at_0x400)
    !!!main                                  0x00000410   Section        8  __main.o(!!!main)
    !!!scatter                               0x00000418   Section       52  __scatter.o(!!!scatter)
    !!handler_copy                           0x0000044c   Section       26  __scatter_copy.o(!!handler_copy)
    !!handler_zi                             0x00000468   Section       28  __scatter_zi.o(!!handler_zi)
    .ARM.Collect$$_printf_percent$$00000000  0x00000484   Section        0  _printf_percent.o(.ARM.Collect$$_printf_percent$$00000000)
    .ARM.Collect$$_printf_percent$$00000003  0x00000484   Section        6  _printf_f.o(.ARM.Collect$$_printf_percent$$00000003)
    .ARM.Collect$$_printf_percent$$00000008  0x0000048a   Section        6  _printf_i.o(.ARM.Collect$$_printf_percent$$00000008)
    .ARM.Collect$$_printf_percent$$00000009  0x00000490   Section        6  _printf_d.o(.ARM.Collect$$_printf_percent$$00000009)
    .ARM.Collect$$_printf_percent$$00000017  0x00000496   Section        4  _printf_percent_end.o(.ARM.Collect$$_printf_percent$$00000017)
    .ARM.Collect$$libinit$$00000000          0x0000049a   Section        2  libinit.o(.ARM.Collect$$libinit$$00000000)
    .ARM.Collect$$libinit$$00000001          0x0000049c   Section        4  libinit2.o(.ARM.Collect$$libinit$$00000001)
    .ARM.Collect$$libinit$$00000004          0x000004a0   Section        0  libinit2.o(.ARM.Collect$$libinit$$00000004)
    .ARM.Collect$$libinit$$0000000A          0x000004a0   Section        0  libinit2.o(.ARM.Collect$$libinit$$0000000A)
    .ARM.Collect$$libinit$$0000000C          0x000004a0   Section        0  libinit2.o(.ARM.Collect$$libinit$$0000000C)
    .ARM.Collect$$libinit$$0000000E          0x000004a0   Section        0  libinit2.o(.ARM.Collect$$libinit$$0000000E)
    .ARM.Collect$$libinit$$0000000F          0x000004a0   Section        6  libinit2.o(.ARM.Collect$$libinit$$0000000F)
    .ARM.Collect$$libinit$$00000011          0x000004a6   Section        0  libinit2.o(.ARM.Collect$$libinit$$00000011)
    .ARM.Collect$$libinit$$00000013          0x000004a6   Section        0  libinit2.o(.ARM.Collect$$libinit$$00000013)
    .ARM.Collect$$libinit$$00000015          0x000004a6   Section        0  libinit2.o(.ARM.Collect$$libinit$$00000015)
    .ARM.Collect$$libinit$$00000016          0x000004a6   Section       10  libinit2.o(.ARM.Collect$$libinit$$00000016)
    .ARM.Collect$$libinit$$00000017          0x000004b0   Section        0  libinit2.o(.ARM.Collect$$libinit$$00000017)
    .ARM.Collect$$libinit$$00000019          0x000004b0   Section        0  libinit2.o(.ARM.Collect$$libinit$$00000019)
    .ARM.Collect$$libinit$$0000001B          0x000004b0   Section        0  libinit2.o(.ARM.Collect$$libinit$$0000001B)
    .ARM.Collect$$libinit$$0000001D          0x000004b0   Section        0  libinit2.o(.ARM.Collect$$libinit$$0000001D)
    .ARM.Collect$$libinit$$0000001F          0x000004b0   Section        0  libinit2.o(.ARM.Collect$$libinit$$0000001F)
    .ARM.Collect$$libinit$$00000021          0x000004b0   Section        0  libinit2.o(.ARM.Collect$$libinit$$00000021)
    .ARM.Collect$$libinit$$00000023          0x000004b0   Section        0  libinit2.o(.ARM.Collect$$libinit$$00000023)
    .ARM.Collect$$libinit$$00000025          0x000004b0   Section        0  libinit2.o(.ARM.Collect$$libinit$$00000025)
    .ARM.Collect$$libinit$$0000002C          0x000004b0   Section        0  libinit2.o(.ARM.Collect$$libinit$$0000002C)
    .ARM.Collect$$libinit$$0000002E          0x000004b0   Section        0  libinit2.o(.ARM.Collect$$libinit$$0000002E)
    .ARM.Collect$$libinit$$00000030          0x000004b0   Section        0  libinit2.o(.ARM.Collect$$libinit$$00000030)
    .ARM.Collect$$libinit$$00000032          0x000004b0   Section        0  libinit2.o(.ARM.Collect$$libinit$$00000032)
    .ARM.Collect$$libinit$$00000033          0x000004b0   Section        2  libinit2.o(.ARM.Collect$$libinit$$00000033)
    .ARM.Collect$$libshutdown$$00000000      0x000004b2   Section        2  libshutdown.o(.ARM.Collect$$libshutdown$$00000000)
    .ARM.Collect$$libshutdown$$00000002      0x000004b4   Section        0  libshutdown2.o(.ARM.Collect$$libshutdown$$00000002)
    .ARM.Collect$$libshutdown$$00000004      0x000004b4   Section        0  libshutdown2.o(.ARM.Collect$$libshutdown$$00000004)
    .ARM.Collect$$libshutdown$$00000007      0x000004b4   Section        0  libshutdown2.o(.ARM.Collect$$libshutdown$$00000007)
    .ARM.Collect$$libshutdown$$0000000A      0x000004b4   Section        0  libshutdown2.o(.ARM.Collect$$libshutdown$$0000000A)
    .ARM.Collect$$libshutdown$$0000000C      0x000004b4   Section        0  libshutdown2.o(.ARM.Collect$$libshutdown$$0000000C)
    .ARM.Collect$$libshutdown$$0000000F      0x000004b4   Section        0  libshutdown2.o(.ARM.Collect$$libshutdown$$0000000F)
    .ARM.Collect$$libshutdown$$00000010      0x000004b4   Section        2  libshutdown2.o(.ARM.Collect$$libshutdown$$00000010)
    .ARM.Collect$$rtentry$$00000000          0x000004b6   Section        0  __rtentry.o(.ARM.Collect$$rtentry$$00000000)
    .ARM.Collect$$rtentry$$00000002          0x000004b6   Section        0  __rtentry2.o(.ARM.Collect$$rtentry$$00000002)
    .ARM.Collect$$rtentry$$00000004          0x000004b6   Section        6  __rtentry4.o(.ARM.Collect$$rtentry$$00000004)
    .ARM.Collect$$rtentry$$00000009          0x000004bc   Section        0  __rtentry2.o(.ARM.Collect$$rtentry$$00000009)
    .ARM.Collect$$rtentry$$0000000A          0x000004bc   Section        4  __rtentry2.o(.ARM.Collect$$rtentry$$0000000A)
    .ARM.Collect$$rtentry$$0000000C          0x000004c0   Section        0  __rtentry2.o(.ARM.Collect$$rtentry$$0000000C)
    .ARM.Collect$$rtentry$$0000000D          0x000004c0   Section        8  __rtentry2.o(.ARM.Collect$$rtentry$$0000000D)
    .ARM.Collect$$rtexit$$00000000           0x000004c8   Section        2  rtexit.o(.ARM.Collect$$rtexit$$00000000)
    .ARM.Collect$$rtexit$$00000002           0x000004ca   Section        0  rtexit2.o(.ARM.Collect$$rtexit$$00000002)
    .ARM.Collect$$rtexit$$00000003           0x000004ca   Section        4  rtexit2.o(.ARM.Collect$$rtexit$$00000003)
    .ARM.Collect$$rtexit$$00000004           0x000004ce   Section        6  rtexit2.o(.ARM.Collect$$rtexit$$00000004)
    .text                                    0x000004d4   Section       72  startup_mk64f12.o(.text)
    $v0                                      0x000004d4   Number         0  startup_mk64f12.o(.text)
    .text                                    0x0000051c   Section        0  noretval__2sprintf.o(.text)
    .text                                    0x00000544   Section        0  __printf.o(.text)
    .text                                    0x000005ac   Section        0  _printf_dec.o(.text)
    .text                                    0x00000624   Section        0  heapauxi.o(.text)
    .text                                    0x0000062a   Section        0  _printf_intcommon.o(.text)
    .text                                    0x000006dc   Section        0  _printf_fp_dec.o(.text)
    _fp_digits                               0x000006df   Thumb Code   432  _printf_fp_dec.o(.text)
    .text                                    0x00000afc   Section        0  _printf_char_common.o(.text)
    _printf_input_char                       0x00000afd   Thumb Code    10  _printf_char_common.o(.text)
    .text                                    0x00000b2c   Section        0  _sputc.o(.text)
    .text                                    0x00000b38   Section        8  rt_locale_intlibspace.o(.text)
    .text                                    0x00000b40   Section      138  lludiv10.o(.text)
    .text                                    0x00000bcc   Section        0  _printf_fp_infnan.o(.text)
    .text                                    0x00000c4c   Section        0  bigflt0.o(.text)
    .text                                    0x00000d30   Section        8  libspace.o(.text)
    .text                                    0x00000d38   Section       74  sys_stackheap_outer.o(.text)
    .text                                    0x00000d82   Section        0  exit.o(.text)
    .text                                    0x00000d94   Section      128  strcmpv7m.o(.text)
    .text                                    0x00000e14   Section        0  sys_exit.o(.text)
    .text                                    0x00000e20   Section        2  use_no_semi.o(.text)
    .text                                    0x00000e22   Section        0  indicate_semi.o(.text)
    CL$$btod_d2e                             0x00000e22   Section       62  btod.o(CL$$btod_d2e)
    CL$$btod_d2e_denorm_low                  0x00000e60   Section       70  btod.o(CL$$btod_d2e_denorm_low)
    CL$$btod_d2e_norm_op1                    0x00000ea6   Section       96  btod.o(CL$$btod_d2e_norm_op1)
    CL$$btod_div_common                      0x00000f06   Section      824  btod.o(CL$$btod_div_common)
    CL$$btod_e2e                             0x0000123e   Section      220  btod.o(CL$$btod_e2e)
    CL$$btod_ediv                            0x0000131a   Section       42  btod.o(CL$$btod_ediv)
    CL$$btod_emul                            0x00001344   Section       42  btod.o(CL$$btod_emul)
    CL$$btod_mult_common                     0x0000136e   Section      580  btod.o(CL$$btod_mult_common)
    i.ADC0_IRQHandler                        0x000015b4   Section        0  camera_ftm.o(i.ADC0_IRQHandler)
    i.FTM0_IRQHandler                        0x000015c8   Section        0  isr.o(i.FTM0_IRQHandler)
    i.FTM2_IRQHandler                        0x000015f8   Section        0  camera_ftm.o(i.FTM2_IRQHandler)
    i.InitPWM0                               0x000016dc   Section        0  pwm_motors.o(i.InitPWM0)
    i.InitPWM3                               0x0000177c   Section        0  pwm_servo.o(i.InitPWM3)
    i.LED_Activate                           0x000017dc   Section        0  timer.o(i.LED_Activate)
    i.LED_Deactivate                         0x000017f8   Section        0  timer.o(i.LED_Deactivate)
    i.PDB0_IRQHandler                        0x00001814   Section        0  isr.o(i.PDB0_IRQHandler)
    i.PIT0_IRQHandler                        0x00001834   Section        0  camera_ftm.o(i.PIT0_IRQHandler)
    i.PORTA_IRQHandler                       0x00001874   Section        0  isr.o(i.PORTA_IRQHandler)
    i.PORTC_IRQHandler                       0x000018bc   Section        0  isr.o(i.PORTC_IRQHandler)
    i.SetDutyCycleL                          0x00001968   Section        0  pwm_motors.o(i.SetDutyCycleL)
    i.SetDutyCycleR                          0x000019a4   Section        0  pwm_motors.o(i.SetDutyCycleR)
    i.SetDutyCycleServo                      0x000019e0   Section        0  pwm_servo.o(i.SetDutyCycleServo)
    i.SystemInit                             0x00001a20   Section        0  system_mk64f12.o(i.SystemInit)
    i.__ARM_fpclassify                       0x00001ac0   Section        0  fpclassify.o(i.__ARM_fpclassify)
    i.__NVIC_EnableIRQ                       0x00001af0   Section        0  camera_ftm.o(i.__NVIC_EnableIRQ)
    __NVIC_EnableIRQ                         0x00001af1   Thumb Code    34  camera_ftm.o(i.__NVIC_EnableIRQ)
    i.filter_data_manipulation               0x00001b14   Section        0  main.o(i.filter_data_manipulation)
    i.init_ADC0                              0x00001c0c   Section        0  camera_ftm.o(i.init_ADC0)
    i.init_FTM2                              0x00001cac   Section        0  camera_ftm.o(i.init_FTM2)
    i.init_GPIO                              0x00001d34   Section        0  camera_ftm.o(i.init_GPIO)
    i.init_PIT                               0x00001d94   Section        0  camera_ftm.o(i.init_PIT)
    i.init_uart                              0x00001e04   Section        0  uart.o(i.init_uart)
    i.initialize_peripherals                 0x00001e84   Section        0  main.o(i.initialize_peripherals)
    i.main                                   0x00001fe4   Section        0  main.o(i.main)
    i.uart_put                               0x0000227c   Section        0  uart.o(i.uart_put)
    i.uart_putchar                           0x00002294   Section        0  uart.o(i.uart_putchar)
    locale$$code                             0x000022ac   Section       44  lc_numeric_c.o(locale$$code)
    x$fpl$d2f                                0x000022d8   Section       98  d2f.o(x$fpl$d2f)
    $v0                                      0x000022d8   Number         0  d2f.o(x$fpl$d2f)
    x$fpl$ddiv                               0x0000233c   Section      688  ddiv.o(x$fpl$ddiv)
    $v0                                      0x0000233c   Number         0  ddiv.o(x$fpl$ddiv)
    ddiv_entry                               0x00002343   Thumb Code     0  ddiv.o(x$fpl$ddiv)
    x$fpl$dflt                               0x000025ec   Section       46  dflt_clz.o(x$fpl$dflt)
    $v0                                      0x000025ec   Number         0  dflt_clz.o(x$fpl$dflt)
    x$fpl$dnaninf                            0x0000261a   Section      156  dnaninf.o(x$fpl$dnaninf)
    $v0                                      0x0000261a   Number         0  dnaninf.o(x$fpl$dnaninf)
    x$fpl$dretinf                            0x000026b6   Section       12  dretinf.o(x$fpl$dretinf)
    $v0                                      0x000026b6   Number         0  dretinf.o(x$fpl$dretinf)
    x$fpl$f2d                                0x000026c4   Section       86  f2d.o(x$fpl$f2d)
    $v0                                      0x000026c4   Number         0  f2d.o(x$fpl$f2d)
    x$fpl$fnaninf                            0x0000271a   Section      140  fnaninf.o(x$fpl$fnaninf)
    $v0                                      0x0000271a   Number         0  fnaninf.o(x$fpl$fnaninf)
    x$fpl$fpinit                             0x000027a6   Section       10  fpinit.o(x$fpl$fpinit)
    $v0                                      0x000027a6   Number         0  fpinit.o(x$fpl$fpinit)
    x$fpl$fretinf                            0x000027b0   Section       10  fretinf.o(x$fpl$fretinf)
    $v0                                      0x000027b0   Number         0  fretinf.o(x$fpl$fretinf)
    x$fpl$printf1                            0x000027ba   Section        4  printf1.o(x$fpl$printf1)
    $v0                                      0x000027ba   Number         0  printf1.o(x$fpl$printf1)
    x$fpl$usenofp                            0x000027be   Section        0  usenofp.o(x$fpl$usenofp)
    .constdata                               0x000027c0   Section      148  bigflt0.o(.constdata)
    tenpwrs_x                                0x000027c0   Data          60  bigflt0.o(.constdata)
    tenpwrs_i                                0x000027fc   Data          64  bigflt0.o(.constdata)
    locale$$data                             0x00002874   Section       28  lc_numeric_c.o(locale$$data)
    __lcnum_c_name                           0x00002878   Data           2  lc_numeric_c.o(locale$$data)
    __lcnum_c_start                          0x00002880   Data           0  lc_numeric_c.o(locale$$data)
    __lcnum_c_point                          0x0000288c   Data           0  lc_numeric_c.o(locale$$data)
    __lcnum_c_thousands                      0x0000288e   Data           0  lc_numeric_c.o(locale$$data)
    __lcnum_c_grouping                       0x0000288f   Data           0  lc_numeric_c.o(locale$$data)
    __lcnum_c_end                            0x00002890   Data           0  lc_numeric_c.o(locale$$data)
    .data                                    0x20000000   Section       40  main.o(.data)
    .data                                    0x20000028   Section        4  isr.o(.data)
    COUNTER                                  0x20000028   Data           4  isr.o(.data)
    .data                                    0x2000002c   Section       18  camera_ftm.o(.data)
    .bss                                     0x20000040   Section     1124  main.o(.bss)
    .bss                                     0x200004a4   Section      356  camera_ftm.o(.bss)
    .bss                                     0x20000608   Section       96  libspace.o(.bss)
    HEAP                                     0x20000668   Section        0  startup_mk64f12.o(HEAP)
    STACK                                    0x20000668   Section     1024  startup_mk64f12.o(STACK)
    Heap_Mem                                 0x20000668   Data           0  startup_mk64f12.o(HEAP)
    Stack_Mem                                0x20000668   Data        1024  startup_mk64f12.o(STACK)
    __initial_sp                             0x20000a68   Data           0  startup_mk64f12.o(STACK)

    Global Symbols

    Symbol Name                              Value     Ov Type        Size  Object(Section)

    BuildAttributes$$THM_ISAv4$E$P$D$K$B$S$7EM$VFPi3$EXTD16$VFPS$VFMA$PE$A:L22UL41UL21$X:L11$S22US41US21$IEEE1$IW$USESV6$~STKCKD$USESV7$~SHL$OTIME$ROPI$IEEEJ$EBA8$UX$STANDARDLIB$REQ8$PRES8$EABIv2 0x00000000   Number         0  anon$$obj.o ABSOLUTE
    __ARM_use_no_argv                        0x00000000   Number         0  main.o ABSOLUTE
    __Vectors                                0x00000000   Data           4  startup_mk64f12.o(RESET)
    __ARM_exceptions_init                     - Undefined Weak Reference
    __alloca_initialize                       - Undefined Weak Reference
    __arm_preinit_                            - Undefined Weak Reference
    __cpp_initialize__aeabi_                  - Undefined Weak Reference
    __cxa_finalize                            - Undefined Weak Reference
    __sigvec_lookup                           - Undefined Weak Reference
    _atexit_init                              - Undefined Weak Reference
    _call_atexit_fns                          - Undefined Weak Reference
    _clock_init                               - Undefined Weak Reference
    _fp_trap_init                             - Undefined Weak Reference
    _fp_trap_shutdown                         - Undefined Weak Reference
    _get_lc_collate                           - Undefined Weak Reference
    _get_lc_ctype                             - Undefined Weak Reference
    _get_lc_monetary                          - Undefined Weak Reference
    _get_lc_time                              - Undefined Weak Reference
    _getenv_init                              - Undefined Weak Reference
    _handle_redirection                       - Undefined Weak Reference
    _init_alloc                               - Undefined Weak Reference
    _init_user_alloc                          - Undefined Weak Reference
    _initio                                   - Undefined Weak Reference
    _printf_post_padding                      - Undefined Weak Reference
    _printf_pre_padding                       - Undefined Weak Reference
    _printf_truncate_signed                   - Undefined Weak Reference
    _printf_truncate_unsigned                 - Undefined Weak Reference
    _rand_init                                - Undefined Weak Reference
    _signal_finish                            - Undefined Weak Reference
    _signal_init                              - Undefined Weak Reference
    _terminate_alloc                          - Undefined Weak Reference
    _terminate_user_alloc                     - Undefined Weak Reference
    _terminateio                              - Undefined Weak Reference
    __Vectors_End                            0x00000400   Data           0  startup_mk64f12.o(RESET)
    __Vectors_Size                           0x00000400   Number         0  startup_mk64f12.o ABSOLUTE
    __main                                   0x00000411   Thumb Code     8  __main.o(!!!main)
    __scatterload                            0x00000419   Thumb Code     0  __scatter.o(!!!scatter)
    __scatterload_rt2                        0x00000419   Thumb Code    44  __scatter.o(!!!scatter)
    __scatterload_rt2_thumb_only             0x00000419   Thumb Code     0  __scatter.o(!!!scatter)
    __scatterload_null                       0x00000427   Thumb Code     0  __scatter.o(!!!scatter)
    __scatterload_copy                       0x0000044d   Thumb Code    26  __scatter_copy.o(!!handler_copy)
    __scatterload_zeroinit                   0x00000469   Thumb Code    28  __scatter_zi.o(!!handler_zi)
    _printf_f                                0x00000485   Thumb Code     0  _printf_f.o(.ARM.Collect$$_printf_percent$$00000003)
    _printf_percent                          0x00000485   Thumb Code     0  _printf_percent.o(.ARM.Collect$$_printf_percent$$00000000)
    _printf_i                                0x0000048b   Thumb Code     0  _printf_i.o(.ARM.Collect$$_printf_percent$$00000008)
    _printf_d                                0x00000491   Thumb Code     0  _printf_d.o(.ARM.Collect$$_printf_percent$$00000009)
    _printf_percent_end                      0x00000497   Thumb Code     0  _printf_percent_end.o(.ARM.Collect$$_printf_percent$$00000017)
    __rt_lib_init                            0x0000049b   Thumb Code     0  libinit.o(.ARM.Collect$$libinit$$00000000)
    __rt_lib_init_fp_1                       0x0000049d   Thumb Code     0  libinit2.o(.ARM.Collect$$libinit$$00000001)
    __rt_lib_init_heap_1                     0x000004a1   Thumb Code     0  libinit2.o(.ARM.Collect$$libinit$$0000000A)
    __rt_lib_init_lc_common                  0x000004a1   Thumb Code     0  libinit2.o(.ARM.Collect$$libinit$$0000000F)
    __rt_lib_init_preinit_1                  0x000004a1   Thumb Code     0  libinit2.o(.ARM.Collect$$libinit$$00000004)
    __rt_lib_init_rand_1                     0x000004a1   Thumb Code     0  libinit2.o(.ARM.Collect$$libinit$$0000000E)
    __rt_lib_init_user_alloc_1               0x000004a1   Thumb Code     0  libinit2.o(.ARM.Collect$$libinit$$0000000C)
    __rt_lib_init_lc_collate_1               0x000004a7   Thumb Code     0  libinit2.o(.ARM.Collect$$libinit$$00000011)
    __rt_lib_init_lc_ctype_1                 0x000004a7   Thumb Code     0  libinit2.o(.ARM.Collect$$libinit$$00000013)
    __rt_lib_init_lc_monetary_1              0x000004a7   Thumb Code     0  libinit2.o(.ARM.Collect$$libinit$$00000015)
    __rt_lib_init_lc_numeric_2               0x000004a7   Thumb Code     0  libinit2.o(.ARM.Collect$$libinit$$00000016)
    __rt_lib_init_alloca_1                   0x000004b1   Thumb Code     0  libinit2.o(.ARM.Collect$$libinit$$0000002E)
    __rt_lib_init_argv_1                     0x000004b1   Thumb Code     0  libinit2.o(.ARM.Collect$$libinit$$0000002C)
    __rt_lib_init_atexit_1                   0x000004b1   Thumb Code     0  libinit2.o(.ARM.Collect$$libinit$$0000001B)
    __rt_lib_init_clock_1                    0x000004b1   Thumb Code     0  libinit2.o(.ARM.Collect$$libinit$$00000021)
    __rt_lib_init_cpp_1                      0x000004b1   Thumb Code     0  libinit2.o(.ARM.Collect$$libinit$$00000032)
    __rt_lib_init_exceptions_1               0x000004b1   Thumb Code     0  libinit2.o(.ARM.Collect$$libinit$$00000030)
    __rt_lib_init_fp_trap_1                  0x000004b1   Thumb Code     0  libinit2.o(.ARM.Collect$$libinit$$0000001F)
    __rt_lib_init_getenv_1                   0x000004b1   Thumb Code     0  libinit2.o(.ARM.Collect$$libinit$$00000023)
    __rt_lib_init_lc_numeric_1               0x000004b1   Thumb Code     0  libinit2.o(.ARM.Collect$$libinit$$00000017)
    __rt_lib_init_lc_time_1                  0x000004b1   Thumb Code     0  libinit2.o(.ARM.Collect$$libinit$$00000019)
    __rt_lib_init_return                     0x000004b1   Thumb Code     0  libinit2.o(.ARM.Collect$$libinit$$00000033)
    __rt_lib_init_signal_1                   0x000004b1   Thumb Code     0  libinit2.o(.ARM.Collect$$libinit$$0000001D)
    __rt_lib_init_stdio_1                    0x000004b1   Thumb Code     0  libinit2.o(.ARM.Collect$$libinit$$00000025)
    __rt_lib_shutdown                        0x000004b3   Thumb Code     0  libshutdown.o(.ARM.Collect$$libshutdown$$00000000)
    __rt_lib_shutdown_cpp_1                  0x000004b5   Thumb Code     0  libshutdown2.o(.ARM.Collect$$libshutdown$$00000002)
    __rt_lib_shutdown_fp_trap_1              0x000004b5   Thumb Code     0  libshutdown2.o(.ARM.Collect$$libshutdown$$00000007)
    __rt_lib_shutdown_heap_1                 0x000004b5   Thumb Code     0  libshutdown2.o(.ARM.Collect$$libshutdown$$0000000F)
    __rt_lib_shutdown_return                 0x000004b5   Thumb Code     0  libshutdown2.o(.ARM.Collect$$libshutdown$$00000010)
    __rt_lib_shutdown_signal_1               0x000004b5   Thumb Code     0  libshutdown2.o(.ARM.Collect$$libshutdown$$0000000A)
    __rt_lib_shutdown_stdio_1                0x000004b5   Thumb Code     0  libshutdown2.o(.ARM.Collect$$libshutdown$$00000004)
    __rt_lib_shutdown_user_alloc_1           0x000004b5   Thumb Code     0  libshutdown2.o(.ARM.Collect$$libshutdown$$0000000C)
    __rt_entry                               0x000004b7   Thumb Code     0  __rtentry.o(.ARM.Collect$$rtentry$$00000000)
    __rt_entry_presh_1                       0x000004b7   Thumb Code     0  __rtentry2.o(.ARM.Collect$$rtentry$$00000002)
    __rt_entry_sh                            0x000004b7   Thumb Code     0  __rtentry4.o(.ARM.Collect$$rtentry$$00000004)
    __rt_entry_li                            0x000004bd   Thumb Code     0  __rtentry2.o(.ARM.Collect$$rtentry$$0000000A)
    __rt_entry_postsh_1                      0x000004bd   Thumb Code     0  __rtentry2.o(.ARM.Collect$$rtentry$$00000009)
    __rt_entry_main                          0x000004c1   Thumb Code     0  __rtentry2.o(.ARM.Collect$$rtentry$$0000000D)
    __rt_entry_postli_1                      0x000004c1   Thumb Code     0  __rtentry2.o(.ARM.Collect$$rtentry$$0000000C)
    __rt_exit                                0x000004c9   Thumb Code     0  rtexit.o(.ARM.Collect$$rtexit$$00000000)
    __rt_exit_ls                             0x000004cb   Thumb Code     0  rtexit2.o(.ARM.Collect$$rtexit$$00000003)
    __rt_exit_prels_1                        0x000004cb   Thumb Code     0  rtexit2.o(.ARM.Collect$$rtexit$$00000002)
    __rt_exit_exit                           0x000004cf   Thumb Code     0  rtexit2.o(.ARM.Collect$$rtexit$$00000004)
    init_data_bss                            0x000004d5   Thumb Code     2  startup_mk64f12.o(.text)
    Reset_Handler                            0x000004d7   Thumb Code    12  startup_mk64f12.o(.text)
    NMI_Handler                              0x000004e3   Thumb Code     2  startup_mk64f12.o(.text)
    HardFault_Handler                        0x000004e5   Thumb Code     2  startup_mk64f12.o(.text)
    MemManage_Handler                        0x000004e7   Thumb Code     2  startup_mk64f12.o(.text)
    BusFault_Handler                         0x000004e9   Thumb Code     2  startup_mk64f12.o(.text)
    UsageFault_Handler                       0x000004eb   Thumb Code     2  startup_mk64f12.o(.text)
    SVC_Handler                              0x000004ed   Thumb Code     2  startup_mk64f12.o(.text)
    DebugMon_Handler                         0x000004ef   Thumb Code     2  startup_mk64f12.o(.text)
    PendSV_Handler                           0x000004f1   Thumb Code     2  startup_mk64f12.o(.text)
    SysTick_Handler                          0x000004f3   Thumb Code     2  startup_mk64f12.o(.text)
    ADC1_IRQHandler                          0x000004f5   Thumb Code     0  startup_mk64f12.o(.text)
    CAN0_Bus_Off_IRQHandler                  0x000004f5   Thumb Code     0  startup_mk64f12.o(.text)
    CAN0_Error_IRQHandler                    0x000004f5   Thumb Code     0  startup_mk64f12.o(.text)
    CAN0_ORed_Message_buffer_IRQHandler      0x000004f5   Thumb Code     0  startup_mk64f12.o(.text)
    CAN0_Rx_Warning_IRQHandler               0x000004f5   Thumb Code     0  startup_mk64f12.o(.text)
    CAN0_Tx_Warning_IRQHandler               0x000004f5   Thumb Code     0  startup_mk64f12.o(.text)
    CAN0_Wake_Up_IRQHandler                  0x000004f5   Thumb Code     0  startup_mk64f12.o(.text)
    CMP0_IRQHandler                          0x000004f5   Thumb Code     0  startup_mk64f12.o(.text)
    CMP1_IRQHandler                          0x000004f5   Thumb Code     0  startup_mk64f12.o(.text)
    CMP2_IRQHandler                          0x000004f5   Thumb Code     0  startup_mk64f12.o(.text)
    CMT_IRQHandler                           0x000004f5   Thumb Code     0  startup_mk64f12.o(.text)
    DAC0_IRQHandler                          0x000004f5   Thumb Code     0  startup_mk64f12.o(.text)
    DAC1_IRQHandler                          0x000004f5   Thumb Code     0  startup_mk64f12.o(.text)
    DMA0_IRQHandler                          0x000004f5   Thumb Code     0  startup_mk64f12.o(.text)
    DMA10_IRQHandler                         0x000004f5   Thumb Code     0  startup_mk64f12.o(.text)
    DMA11_IRQHandler                         0x000004f5   Thumb Code     0  startup_mk64f12.o(.text)
    DMA12_IRQHandler                         0x000004f5   Thumb Code     0  startup_mk64f12.o(.text)
    DMA13_IRQHandler                         0x000004f5   Thumb Code     0  startup_mk64f12.o(.text)
    DMA14_IRQHandler                         0x000004f5   Thumb Code     0  startup_mk64f12.o(.text)
    DMA15_IRQHandler                         0x000004f5   Thumb Code     0  startup_mk64f12.o(.text)
    DMA1_IRQHandler                          0x000004f5   Thumb Code     0  startup_mk64f12.o(.text)
    DMA2_IRQHandler                          0x000004f5   Thumb Code     0  startup_mk64f12.o(.text)
    DMA3_IRQHandler                          0x000004f5   Thumb Code     0  startup_mk64f12.o(.text)
    DMA4_IRQHandler                          0x000004f5   Thumb Code     0  startup_mk64f12.o(.text)
    DMA5_IRQHandler                          0x000004f5   Thumb Code     0  startup_mk64f12.o(.text)
    DMA6_IRQHandler                          0x000004f5   Thumb Code     0  startup_mk64f12.o(.text)
    DMA7_IRQHandler                          0x000004f5   Thumb Code     0  startup_mk64f12.o(.text)
    DMA8_IRQHandler                          0x000004f5   Thumb Code     0  startup_mk64f12.o(.text)
    DMA9_IRQHandler                          0x000004f5   Thumb Code     0  startup_mk64f12.o(.text)
    DMA_Error_IRQHandler                     0x000004f5   Thumb Code     0  startup_mk64f12.o(.text)
    DefaultISR                               0x000004f5   Thumb Code     0  startup_mk64f12.o(.text)
    ENET_1588_Timer_IRQHandler               0x000004f5   Thumb Code     0  startup_mk64f12.o(.text)
    ENET_Error_IRQHandler                    0x000004f5   Thumb Code     0  startup_mk64f12.o(.text)
    ENET_Receive_IRQHandler                  0x000004f5   Thumb Code     0  startup_mk64f12.o(.text)
    ENET_Transmit_IRQHandler                 0x000004f5   Thumb Code     0  startup_mk64f12.o(.text)
    FTFE_IRQHandler                          0x000004f5   Thumb Code     0  startup_mk64f12.o(.text)
    FTM1_IRQHandler                          0x000004f5   Thumb Code     0  startup_mk64f12.o(.text)
    FTM3_IRQHandler                          0x000004f5   Thumb Code     0  startup_mk64f12.o(.text)
    I2C0_IRQHandler                          0x000004f5   Thumb Code     0  startup_mk64f12.o(.text)
    I2C1_IRQHandler                          0x000004f5   Thumb Code     0  startup_mk64f12.o(.text)
    I2C2_IRQHandler                          0x000004f5   Thumb Code     0  startup_mk64f12.o(.text)
    I2S0_Rx_IRQHandler                       0x000004f5   Thumb Code     0  startup_mk64f12.o(.text)
    I2S0_Tx_IRQHandler                       0x000004f5   Thumb Code     0  startup_mk64f12.o(.text)
    LLW_IRQHandler                           0x000004f5   Thumb Code     0  startup_mk64f12.o(.text)
    LPTimer_IRQHandler                       0x000004f5   Thumb Code     0  startup_mk64f12.o(.text)
    LVD_LVW_IRQHandler                       0x000004f5   Thumb Code     0  startup_mk64f12.o(.text)
    MCG_IRQHandler                           0x000004f5   Thumb Code     0  startup_mk64f12.o(.text)
    MCM_IRQHandler                           0x000004f5   Thumb Code     0  startup_mk64f12.o(.text)
    PIT1_IRQHandler                          0x000004f5   Thumb Code     0  startup_mk64f12.o(.text)
    PIT2_IRQHandler                          0x000004f5   Thumb Code     0  startup_mk64f12.o(.text)
    PIT3_IRQHandler                          0x000004f5   Thumb Code     0  startup_mk64f12.o(.text)
    PORTB_IRQHandler                         0x000004f5   Thumb Code     0  startup_mk64f12.o(.text)
    PORTD_IRQHandler                         0x000004f5   Thumb Code     0  startup_mk64f12.o(.text)
    PORTE_IRQHandler                         0x000004f5   Thumb Code     0  startup_mk64f12.o(.text)
    RNG_IRQHandler                           0x000004f5   Thumb Code     0  startup_mk64f12.o(.text)
    RTC_IRQHandler                           0x000004f5   Thumb Code     0  startup_mk64f12.o(.text)
    RTC_Seconds_IRQHandler                   0x000004f5   Thumb Code     0  startup_mk64f12.o(.text)
    Read_Collision_IRQHandler                0x000004f5   Thumb Code     0  startup_mk64f12.o(.text)
    Reserved71_IRQHandler                    0x000004f5   Thumb Code     0  startup_mk64f12.o(.text)
    SDHC_IRQHandler                          0x000004f5   Thumb Code     0  startup_mk64f12.o(.text)
    SPI0_IRQHandler                          0x000004f5   Thumb Code     0  startup_mk64f12.o(.text)
    SPI1_IRQHandler                          0x000004f5   Thumb Code     0  startup_mk64f12.o(.text)
    SPI2_IRQHandler                          0x000004f5   Thumb Code     0  startup_mk64f12.o(.text)
    SWI_IRQHandler                           0x000004f5   Thumb Code     0  startup_mk64f12.o(.text)
    UART0_ERR_IRQHandler                     0x000004f5   Thumb Code     0  startup_mk64f12.o(.text)
    UART0_LON_IRQHandler                     0x000004f5   Thumb Code     0  startup_mk64f12.o(.text)
    UART0_RX_TX_IRQHandler                   0x000004f5   Thumb Code     0  startup_mk64f12.o(.text)
    UART1_ERR_IRQHandler                     0x000004f5   Thumb Code     0  startup_mk64f12.o(.text)
    UART1_RX_TX_IRQHandler                   0x000004f5   Thumb Code     0  startup_mk64f12.o(.text)
    UART2_ERR_IRQHandler                     0x000004f5   Thumb Code     0  startup_mk64f12.o(.text)
    UART2_RX_TX_IRQHandler                   0x000004f5   Thumb Code     0  startup_mk64f12.o(.text)
    UART3_ERR_IRQHandler                     0x000004f5   Thumb Code     0  startup_mk64f12.o(.text)
    UART3_RX_TX_IRQHandler                   0x000004f5   Thumb Code     0  startup_mk64f12.o(.text)
    UART4_ERR_IRQHandler                     0x000004f5   Thumb Code     0  startup_mk64f12.o(.text)
    UART4_RX_TX_IRQHandler                   0x000004f5   Thumb Code     0  startup_mk64f12.o(.text)
    UART5_ERR_IRQHandler                     0x000004f5   Thumb Code     0  startup_mk64f12.o(.text)
    UART5_RX_TX_IRQHandler                   0x000004f5   Thumb Code     0  startup_mk64f12.o(.text)
    USB0_IRQHandler                          0x000004f5   Thumb Code     0  startup_mk64f12.o(.text)
    USBDCD_IRQHandler                        0x000004f5   Thumb Code     0  startup_mk64f12.o(.text)
    Watchdog_IRQHandler                      0x000004f5   Thumb Code     0  startup_mk64f12.o(.text)
    __user_initial_stackheap                 0x000004f9   Thumb Code     0  startup_mk64f12.o(.text)
    __2sprintf                               0x0000051d   Thumb Code    34  noretval__2sprintf.o(.text)
    __printf                                 0x00000545   Thumb Code   104  __printf.o(.text)
    _printf_int_dec                          0x000005ad   Thumb Code   104  _printf_dec.o(.text)
    __use_two_region_memory                  0x00000625   Thumb Code     2  heapauxi.o(.text)
    __rt_heap_escrow$2region                 0x00000627   Thumb Code     2  heapauxi.o(.text)
    __rt_heap_expand$2region                 0x00000629   Thumb Code     2  heapauxi.o(.text)
    _printf_int_common                       0x0000062b   Thumb Code   178  _printf_intcommon.o(.text)
    __lib_sel_fp_printf                      0x000006dd   Thumb Code     2  _printf_fp_dec.o(.text)
    _printf_fp_dec_real                      0x0000088f   Thumb Code   620  _printf_fp_dec.o(.text)
    _printf_char_common                      0x00000b07   Thumb Code    32  _printf_char_common.o(.text)
    _sputc                                   0x00000b2d   Thumb Code    10  _sputc.o(.text)
    __rt_locale                              0x00000b39   Thumb Code     8  rt_locale_intlibspace.o(.text)
    _ll_udiv10                               0x00000b41   Thumb Code   138  lludiv10.o(.text)
    _printf_fp_infnan                        0x00000bcd   Thumb Code   112  _printf_fp_infnan.o(.text)
    _btod_etento                             0x00000c4d   Thumb Code   224  bigflt0.o(.text)
    __user_libspace                          0x00000d31   Thumb Code     8  libspace.o(.text)
    __user_perproc_libspace                  0x00000d31   Thumb Code     0  libspace.o(.text)
    __user_perthread_libspace                0x00000d31   Thumb Code     0  libspace.o(.text)
    __user_setup_stackheap                   0x00000d39   Thumb Code    74  sys_stackheap_outer.o(.text)
    exit                                     0x00000d83   Thumb Code    18  exit.o(.text)
    strcmp                                   0x00000d95   Thumb Code   128  strcmpv7m.o(.text)
    _sys_exit                                0x00000e15   Thumb Code     8  sys_exit.o(.text)
    __I$use$semihosting                      0x00000e21   Thumb Code     0  use_no_semi.o(.text)
    __use_no_semihosting_swi                 0x00000e21   Thumb Code     2  use_no_semi.o(.text)
    __semihosting_library_function           0x00000e23   Thumb Code     0  indicate_semi.o(.text)
    _btod_d2e                                0x00000e23   Thumb Code    62  btod.o(CL$$btod_d2e)
    _d2e_denorm_low                          0x00000e61   Thumb Code    70  btod.o(CL$$btod_d2e_denorm_low)
    _d2e_norm_op1                            0x00000ea7   Thumb Code    96  btod.o(CL$$btod_d2e_norm_op1)
    __btod_div_common                        0x00000f07   Thumb Code   696  btod.o(CL$$btod_div_common)
    _e2e                                     0x0000123f   Thumb Code   220  btod.o(CL$$btod_e2e)
    _btod_ediv                               0x0000131b   Thumb Code    42  btod.o(CL$$btod_ediv)
    _btod_emul                               0x00001345   Thumb Code    42  btod.o(CL$$btod_emul)
    __btod_mult_common                       0x0000136f   Thumb Code   580  btod.o(CL$$btod_mult_common)
    ADC0_IRQHandler                          0x000015b5   Thumb Code    10  camera_ftm.o(i.ADC0_IRQHandler)
    FTM0_IRQHandler                          0x000015c9   Thumb Code    34  isr.o(i.FTM0_IRQHandler)
    FTM2_IRQHandler                          0x000015f9   Thumb Code   202  camera_ftm.o(i.FTM2_IRQHandler)
    InitPWM0                                 0x000016dd   Thumb Code   146  pwm_motors.o(i.InitPWM0)
    InitPWM3                                 0x0000177d   Thumb Code    84  pwm_servo.o(i.InitPWM3)
    LED_Activate                             0x000017dd   Thumb Code    20  timer.o(i.LED_Activate)
    LED_Deactivate                           0x000017f9   Thumb Code    18  timer.o(i.LED_Deactivate)
    PDB0_IRQHandler                          0x00001815   Thumb Code    22  isr.o(i.PDB0_IRQHandler)
    PIT0_IRQHandler                          0x00001835   Thumb Code    46  camera_ftm.o(i.PIT0_IRQHandler)
    PORTA_IRQHandler                         0x00001875   Thumb Code    64  isr.o(i.PORTA_IRQHandler)
    PORTC_IRQHandler                         0x000018bd   Thumb Code   124  isr.o(i.PORTC_IRQHandler)
    SetDutyCycleL                            0x00001969   Thumb Code    52  pwm_motors.o(i.SetDutyCycleL)
    SetDutyCycleR                            0x000019a5   Thumb Code    52  pwm_motors.o(i.SetDutyCycleR)
    SetDutyCycleServo                        0x000019e1   Thumb Code    50  pwm_servo.o(i.SetDutyCycleServo)
    SystemInit                               0x00001a21   Thumb Code   136  system_mk64f12.o(i.SystemInit)
    __ARM_fpclassify                         0x00001ac1   Thumb Code    48  fpclassify.o(i.__ARM_fpclassify)
    filter_data_manipulation                 0x00001b15   Thumb Code   216  main.o(i.filter_data_manipulation)
    init_ADC0                                0x00001c0d   Thumb Code   150  camera_ftm.o(i.init_ADC0)
    init_FTM2                                0x00001cad   Thumb Code   128  camera_ftm.o(i.init_FTM2)
    init_GPIO                                0x00001d35   Thumb Code    80  camera_ftm.o(i.init_GPIO)
    init_PIT                                 0x00001d95   Thumb Code    94  camera_ftm.o(i.init_PIT)
    init_uart                                0x00001e05   Thumb Code   114  uart.o(i.init_uart)
    initialize_peripherals                   0x00001e85   Thumb Code    92  main.o(i.initialize_peripherals)
    main                                     0x00001fe5   Thumb Code   608  main.o(i.main)
    uart_put                                 0x0000227d   Thumb Code    22  uart.o(i.uart_put)
    uart_putchar                             0x00002295   Thumb Code    20  uart.o(i.uart_putchar)
    _get_lc_numeric                          0x000022ad   Thumb Code    44  lc_numeric_c.o(locale$$code)
    __aeabi_d2f                              0x000022d9   Thumb Code     0  d2f.o(x$fpl$d2f)
    _d2f                                     0x000022d9   Thumb Code    98  d2f.o(x$fpl$d2f)
    __aeabi_ddiv                             0x0000233d   Thumb Code     0  ddiv.o(x$fpl$ddiv)
    _ddiv                                    0x0000233d   Thumb Code   552  ddiv.o(x$fpl$ddiv)
    __aeabi_i2d                              0x000025ed   Thumb Code     0  dflt_clz.o(x$fpl$dflt)
    _dflt                                    0x000025ed   Thumb Code    46  dflt_clz.o(x$fpl$dflt)
    __fpl_dnaninf                            0x0000261b   Thumb Code   156  dnaninf.o(x$fpl$dnaninf)
    __fpl_dretinf                            0x000026b7   Thumb Code    12  dretinf.o(x$fpl$dretinf)
    __aeabi_f2d                              0x000026c5   Thumb Code     0  f2d.o(x$fpl$f2d)
    _f2d                                     0x000026c5   Thumb Code    86  f2d.o(x$fpl$f2d)
    __fpl_fnaninf                            0x0000271b   Thumb Code   140  fnaninf.o(x$fpl$fnaninf)
    _fp_init                                 0x000027a7   Thumb Code    10  fpinit.o(x$fpl$fpinit)
    __fplib_config_fpu_vfp                   0x000027af   Thumb Code     0  fpinit.o(x$fpl$fpinit)
    __fplib_config_pureend_doubles           0x000027af   Thumb Code     0  fpinit.o(x$fpl$fpinit)
    __fpl_fretinf                            0x000027b1   Thumb Code    10  fretinf.o(x$fpl$fretinf)
    _printf_fp_dec                           0x000027bb   Thumb Code     4  printf1.o(x$fpl$printf1)
    __I$use$fp                               0x000027be   Number         0  usenofp.o(x$fpl$usenofp)
    Region$$Table$$Base                      0x00002854   Number         0  anon$$obj.o(Region$$Table)
    Region$$Table$$Limit                     0x00002874   Number         0  anon$$obj.o(Region$$Table)
    CAMERA_ERROR_MARGIN                      0x20000000   Data           4  main.o(.data)
    CAMERA_ERROR_MARGIN_SHARP                0x20000004   Data           4  main.o(.data)
    CuttoffHigh                              0x20000008   Data           4  main.o(.data)
    CuttoffLow                               0x2000000c   Data           4  main.o(.data)
    dc_duty_cycle                            0x20000010   Data           4  main.o(.data)
    servo_duty_cycle                         0x20000014   Data           4  main.o(.data)
    dc_freq                                  0x20000018   Data           4  main.o(.data)
    servo_freq                               0x2000001c   Data           4  main.o(.data)
    slowdown_value                           0x20000020   Data           4  main.o(.data)
    differential_value                       0x20000024   Data           4  main.o(.data)
    pixcnt                                   0x2000002c   Data           4  camera_ftm.o(.data)
    clkval                                   0x20000030   Data           4  camera_ftm.o(.data)
    debugcamdata                             0x20000034   Data           4  camera_ftm.o(.data)
    capcnt                                   0x20000038   Data           4  camera_ftm.o(.data)
    ADC0VAL                                  0x2000003c   Data           2  camera_ftm.o(.data)
    SmoothVals                               0x20000040   Data         512  main.o(.bss)
    BinTrace                                 0x20000240   Data         512  main.o(.bss)
    strbuff                                  0x20000440   Data         100  main.o(.bss)
    line                                     0x200004a4   Data         256  camera_ftm.o(.bss)
    str                                      0x200005a4   Data         100  camera_ftm.o(.bss)
    __libspace_start                         0x20000608   Data          96  libspace.o(.bss)
    __temporary_stack_top$libspace           0x20000668   Data           0  libspace.o(.bss)



==============================================================================

Memory Map of the image

  Image Entry point : 0x000004d7

  Load Region LR_1 (Base: 0x00000000, Size: 0x000028d0, Max: 0xffffffff, ABSOLUTE)

    Execution Region ER_RO (Exec base: 0x00000000, Load base: 0x00000000, Size: 0x00002890, Max: 0xffffffff, ABSOLUTE)

    Exec Addr    Load Addr    Size         Type   Attr      Idx    E Section Name        Object

    0x00000000   0x00000000   0x00000400   Data   RO          395    RESET               startup_mk64f12.o
    0x00000400   0x00000400   0x00000010   Code   RO          396    .ARM.__at_0x400     startup_mk64f12.o
    0x00000410   0x00000410   0x00000008   Code   RO          482  * !!!main             c_w.l(__main.o)
    0x00000418   0x00000418   0x00000034   Code   RO          718    !!!scatter          c_w.l(__scatter.o)
    0x0000044c   0x0000044c   0x0000001a   Code   RO          720    !!handler_copy      c_w.l(__scatter_copy.o)
    0x00000466   0x00000466   0x00000002   PAD
    0x00000468   0x00000468   0x0000001c   Code   RO          722    !!handler_zi        c_w.l(__scatter_zi.o)
    0x00000484   0x00000484   0x00000000   Code   RO          479    .ARM.Collect$$_printf_percent$$00000000  c_w.l(_printf_percent.o)
    0x00000484   0x00000484   0x00000006   Code   RO          478    .ARM.Collect$$_printf_percent$$00000003  c_w.l(_printf_f.o)
    0x0000048a   0x0000048a   0x00000006   Code   RO          476    .ARM.Collect$$_printf_percent$$00000008  c_w.l(_printf_i.o)
    0x00000490   0x00000490   0x00000006   Code   RO          477    .ARM.Collect$$_printf_percent$$00000009  c_w.l(_printf_d.o)
    0x00000496   0x00000496   0x00000004   Code   RO          509    .ARM.Collect$$_printf_percent$$00000017  c_w.l(_printf_percent_end.o)
    0x0000049a   0x0000049a   0x00000002   Code   RO          591    .ARM.Collect$$libinit$$00000000  c_w.l(libinit.o)
    0x0000049c   0x0000049c   0x00000004   Code   RO          592    .ARM.Collect$$libinit$$00000001  c_w.l(libinit2.o)
    0x000004a0   0x000004a0   0x00000000   Code   RO          595    .ARM.Collect$$libinit$$00000004  c_w.l(libinit2.o)
    0x000004a0   0x000004a0   0x00000000   Code   RO          598    .ARM.Collect$$libinit$$0000000A  c_w.l(libinit2.o)
    0x000004a0   0x000004a0   0x00000000   Code   RO          600    .ARM.Collect$$libinit$$0000000C  c_w.l(libinit2.o)
    0x000004a0   0x000004a0   0x00000000   Code   RO          602    .ARM.Collect$$libinit$$0000000E  c_w.l(libinit2.o)
    0x000004a0   0x000004a0   0x00000006   Code   RO          603    .ARM.Collect$$libinit$$0000000F  c_w.l(libinit2.o)
    0x000004a6   0x000004a6   0x00000000   Code   RO          605    .ARM.Collect$$libinit$$00000011  c_w.l(libinit2.o)
    0x000004a6   0x000004a6   0x00000000   Code   RO          607    .ARM.Collect$$libinit$$00000013  c_w.l(libinit2.o)
    0x000004a6   0x000004a6   0x00000000   Code   RO          609    .ARM.Collect$$libinit$$00000015  c_w.l(libinit2.o)
    0x000004a6   0x000004a6   0x0000000a   Code   RO          610    .ARM.Collect$$libinit$$00000016  c_w.l(libinit2.o)
    0x000004b0   0x000004b0   0x00000000   Code   RO          611    .ARM.Collect$$libinit$$00000017  c_w.l(libinit2.o)
    0x000004b0   0x000004b0   0x00000000   Code   RO          613    .ARM.Collect$$libinit$$00000019  c_w.l(libinit2.o)
    0x000004b0   0x000004b0   0x00000000   Code   RO          615    .ARM.Collect$$libinit$$0000001B  c_w.l(libinit2.o)
    0x000004b0   0x000004b0   0x00000000   Code   RO          617    .ARM.Collect$$libinit$$0000001D  c_w.l(libinit2.o)
    0x000004b0   0x000004b0   0x00000000   Code   RO          619    .ARM.Collect$$libinit$$0000001F  c_w.l(libinit2.o)
    0x000004b0   0x000004b0   0x00000000   Code   RO          621    .ARM.Collect$$libinit$$00000021  c_w.l(libinit2.o)
    0x000004b0   0x000004b0   0x00000000   Code   RO          623    .ARM.Collect$$libinit$$00000023  c_w.l(libinit2.o)
    0x000004b0   0x000004b0   0x00000000   Code   RO          625    .ARM.Collect$$libinit$$00000025  c_w.l(libinit2.o)
    0x000004b0   0x000004b0   0x00000000   Code   RO          629    .ARM.Collect$$libinit$$0000002C  c_w.l(libinit2.o)
    0x000004b0   0x000004b0   0x00000000   Code   RO          631    .ARM.Collect$$libinit$$0000002E  c_w.l(libinit2.o)
    0x000004b0   0x000004b0   0x00000000   Code   RO          633    .ARM.Collect$$libinit$$00000030  c_w.l(libinit2.o)
    0x000004b0   0x000004b0   0x00000000   Code   RO          635    .ARM.Collect$$libinit$$00000032  c_w.l(libinit2.o)
    0x000004b0   0x000004b0   0x00000002   Code   RO          636    .ARM.Collect$$libinit$$00000033  c_w.l(libinit2.o)
    0x000004b2   0x000004b2   0x00000002   Code   RO          666    .ARM.Collect$$libshutdown$$00000000  c_w.l(libshutdown.o)
    0x000004b4   0x000004b4   0x00000000   Code   RO          677    .ARM.Collect$$libshutdown$$00000002  c_w.l(libshutdown2.o)
    0x000004b4   0x000004b4   0x00000000   Code   RO          679    .ARM.Collect$$libshutdown$$00000004  c_w.l(libshutdown2.o)
    0x000004b4   0x000004b4   0x00000000   Code   RO          682    .ARM.Collect$$libshutdown$$00000007  c_w.l(libshutdown2.o)
    0x000004b4   0x000004b4   0x00000000   Code   RO          685    .ARM.Collect$$libshutdown$$0000000A  c_w.l(libshutdown2.o)
    0x000004b4   0x000004b4   0x00000000   Code   RO          687    .ARM.Collect$$libshutdown$$0000000C  c_w.l(libshutdown2.o)
    0x000004b4   0x000004b4   0x00000000   Code   RO          690    .ARM.Collect$$libshutdown$$0000000F  c_w.l(libshutdown2.o)
    0x000004b4   0x000004b4   0x00000002   Code   RO          691    .ARM.Collect$$libshutdown$$00000010  c_w.l(libshutdown2.o)
    0x000004b6   0x000004b6   0x00000000   Code   RO          500    .ARM.Collect$$rtentry$$00000000  c_w.l(__rtentry.o)
    0x000004b6   0x000004b6   0x00000000   Code   RO          520    .ARM.Collect$$rtentry$$00000002  c_w.l(__rtentry2.o)
    0x000004b6   0x000004b6   0x00000006   Code   RO          532    .ARM.Collect$$rtentry$$00000004  c_w.l(__rtentry4.o)
    0x000004bc   0x000004bc   0x00000000   Code   RO          522    .ARM.Collect$$rtentry$$00000009  c_w.l(__rtentry2.o)
    0x000004bc   0x000004bc   0x00000004   Code   RO          523    .ARM.Collect$$rtentry$$0000000A  c_w.l(__rtentry2.o)
    0x000004c0   0x000004c0   0x00000000   Code   RO          525    .ARM.Collect$$rtentry$$0000000C  c_w.l(__rtentry2.o)
    0x000004c0   0x000004c0   0x00000008   Code   RO          526    .ARM.Collect$$rtentry$$0000000D  c_w.l(__rtentry2.o)
    0x000004c8   0x000004c8   0x00000002   Code   RO          637    .ARM.Collect$$rtexit$$00000000  c_w.l(rtexit.o)
    0x000004ca   0x000004ca   0x00000000   Code   RO          644    .ARM.Collect$$rtexit$$00000002  c_w.l(rtexit2.o)
    0x000004ca   0x000004ca   0x00000004   Code   RO          645    .ARM.Collect$$rtexit$$00000003  c_w.l(rtexit2.o)
    0x000004ce   0x000004ce   0x00000006   Code   RO          646    .ARM.Collect$$rtexit$$00000004  c_w.l(rtexit2.o)
    0x000004d4   0x000004d4   0x00000048   Code   RO          397  * .text               startup_mk64f12.o
    0x0000051c   0x0000051c   0x00000028   Code   RO          450    .text               c_w.l(noretval__2sprintf.o)
    0x00000544   0x00000544   0x00000068   Code   RO          452    .text               c_w.l(__printf.o)
    0x000005ac   0x000005ac   0x00000078   Code   RO          454    .text               c_w.l(_printf_dec.o)
    0x00000624   0x00000624   0x00000006   Code   RO          480    .text               c_w.l(heapauxi.o)
    0x0000062a   0x0000062a   0x000000b2   Code   RO          501    .text               c_w.l(_printf_intcommon.o)
    0x000006dc   0x000006dc   0x0000041e   Code   RO          503    .text               c_w.l(_printf_fp_dec.o)
    0x00000afa   0x00000afa   0x00000002   PAD
    0x00000afc   0x00000afc   0x00000030   Code   RO          505    .text               c_w.l(_printf_char_common.o)
    0x00000b2c   0x00000b2c   0x0000000a   Code   RO          507    .text               c_w.l(_sputc.o)
    0x00000b36   0x00000b36   0x00000002   PAD
    0x00000b38   0x00000b38   0x00000008   Code   RO          537    .text               c_w.l(rt_locale_intlibspace.o)
    0x00000b40   0x00000b40   0x0000008a   Code   RO          539    .text               c_w.l(lludiv10.o)
    0x00000bca   0x00000bca   0x00000002   PAD
    0x00000bcc   0x00000bcc   0x00000080   Code   RO          541    .text               c_w.l(_printf_fp_infnan.o)
    0x00000c4c   0x00000c4c   0x000000e4   Code   RO          545    .text               c_w.l(bigflt0.o)
    0x00000d30   0x00000d30   0x00000008   Code   RO          577    .text               c_w.l(libspace.o)
    0x00000d38   0x00000d38   0x0000004a   Code   RO          580    .text               c_w.l(sys_stackheap_outer.o)
    0x00000d82   0x00000d82   0x00000012   Code   RO          582    .text               c_w.l(exit.o)
    0x00000d94   0x00000d94   0x00000080   Code   RO          584    .text               c_w.l(strcmpv7m.o)
    0x00000e14   0x00000e14   0x0000000c   Code   RO          656    .text               c_w.l(sys_exit.o)
    0x00000e20   0x00000e20   0x00000002   Code   RO          667    .text               c_w.l(use_no_semi.o)
    0x00000e22   0x00000e22   0x00000000   Code   RO          669    .text               c_w.l(indicate_semi.o)
    0x00000e22   0x00000e22   0x0000003e   Code   RO          548    CL$$btod_d2e        c_w.l(btod.o)
    0x00000e60   0x00000e60   0x00000046   Code   RO          550    CL$$btod_d2e_denorm_low  c_w.l(btod.o)
    0x00000ea6   0x00000ea6   0x00000060   Code   RO          549    CL$$btod_d2e_norm_op1  c_w.l(btod.o)
    0x00000f06   0x00000f06   0x00000338   Code   RO          558    CL$$btod_div_common  c_w.l(btod.o)
    0x0000123e   0x0000123e   0x000000dc   Code   RO          555    CL$$btod_e2e        c_w.l(btod.o)
    0x0000131a   0x0000131a   0x0000002a   Code   RO          552    CL$$btod_ediv       c_w.l(btod.o)
    0x00001344   0x00001344   0x0000002a   Code   RO          551    CL$$btod_emul       c_w.l(btod.o)
    0x0000136e   0x0000136e   0x00000244   Code   RO          557    CL$$btod_mult_common  c_w.l(btod.o)
    0x000015b2   0x000015b2   0x00000002   PAD
    0x000015b4   0x000015b4   0x00000014   Code   RO          324    i.ADC0_IRQHandler   camera_ftm.o
    0x000015c8   0x000015c8   0x00000030   Code   RO          210    i.FTM0_IRQHandler   isr.o
    0x000015f8   0x000015f8   0x000000e4   Code   RO          325    i.FTM2_IRQHandler   camera_ftm.o
    0x000016dc   0x000016dc   0x000000a0   Code   RO          254    i.InitPWM0          pwm_motors.o
    0x0000177c   0x0000177c   0x00000060   Code   RO          292    i.InitPWM3          pwm_servo.o
    0x000017dc   0x000017dc   0x0000001c   Code   RO           72    i.LED_Activate      timer.o
    0x000017f8   0x000017f8   0x0000001c   Code   RO           73    i.LED_Deactivate    timer.o
    0x00001814   0x00001814   0x00000020   Code   RO          211    i.PDB0_IRQHandler   isr.o
    0x00001834   0x00001834   0x00000040   Code   RO          326    i.PIT0_IRQHandler   camera_ftm.o
    0x00001874   0x00001874   0x00000048   Code   RO          212    i.PORTA_IRQHandler  isr.o
    0x000018bc   0x000018bc   0x000000ac   Code   RO          213    i.PORTC_IRQHandler  isr.o
    0x00001968   0x00001968   0x0000003c   Code   RO          255    i.SetDutyCycleL     pwm_motors.o
    0x000019a4   0x000019a4   0x0000003c   Code   RO          256    i.SetDutyCycleR     pwm_motors.o
    0x000019e0   0x000019e0   0x00000040   Code   RO          293    i.SetDutyCycleServo  pwm_servo.o
    0x00001a20   0x00001a20   0x000000a0   Code   RO          407    i.SystemInit        system_mk64f12.o
    0x00001ac0   0x00001ac0   0x00000030   Code   RO          575    i.__ARM_fpclassify  m_wm.l(fpclassify.o)
    0x00001af0   0x00001af0   0x00000022   Code   RO          327    i.__NVIC_EnableIRQ  camera_ftm.o
    0x00001b12   0x00001b12   0x00000002   PAD
    0x00001b14   0x00001b14   0x000000f8   Code   RO          146    i.filter_data_manipulation  main.o
    0x00001c0c   0x00001c0c   0x000000a0   Code   RO          328    i.init_ADC0         camera_ftm.o
    0x00001cac   0x00001cac   0x00000088   Code   RO          329    i.init_FTM2         camera_ftm.o
    0x00001d34   0x00001d34   0x00000060   Code   RO          330    i.init_GPIO         camera_ftm.o
    0x00001d94   0x00001d94   0x00000070   Code   RO          331    i.init_PIT          camera_ftm.o
    0x00001e04   0x00001e04   0x00000080   Code   RO            4    i.init_uart         uart.o
    0x00001e84   0x00001e84   0x00000160   Code   RO          147    i.initialize_peripherals  main.o
    0x00001fe4   0x00001fe4   0x00000298   Code   RO          148    i.main              main.o
    0x0000227c   0x0000227c   0x00000016   Code   RO            6    i.uart_put          uart.o
    0x00002292   0x00002292   0x00000002   PAD
    0x00002294   0x00002294   0x00000018   Code   RO            7    i.uart_putchar      uart.o
    0x000022ac   0x000022ac   0x0000002c   Code   RO          571    locale$$code        c_w.l(lc_numeric_c.o)
    0x000022d8   0x000022d8   0x00000062   Code   RO          484    x$fpl$d2f           fz_wm.l(d2f.o)
    0x0000233a   0x0000233a   0x00000002   PAD
    0x0000233c   0x0000233c   0x000002b0   Code   RO          487    x$fpl$ddiv          fz_wm.l(ddiv.o)
    0x000025ec   0x000025ec   0x0000002e   Code   RO          491    x$fpl$dflt          fz_wm.l(dflt_clz.o)
    0x0000261a   0x0000261a   0x0000009c   Code   RO          510    x$fpl$dnaninf       fz_wm.l(dnaninf.o)
    0x000026b6   0x000026b6   0x0000000c   Code   RO          512    x$fpl$dretinf       fz_wm.l(dretinf.o)
    0x000026c2   0x000026c2   0x00000002   PAD
    0x000026c4   0x000026c4   0x00000056   Code   RO          496    x$fpl$f2d           fz_wm.l(f2d.o)
    0x0000271a   0x0000271a   0x0000008c   Code   RO          514    x$fpl$fnaninf       fz_wm.l(fnaninf.o)
    0x000027a6   0x000027a6   0x0000000a   Code   RO          641    x$fpl$fpinit        fz_wm.l(fpinit.o)
    0x000027b0   0x000027b0   0x0000000a   Code   RO          516    x$fpl$fretinf       fz_wm.l(fretinf.o)
    0x000027ba   0x000027ba   0x00000004   Code   RO          498    x$fpl$printf1       fz_wm.l(printf1.o)
    0x000027be   0x000027be   0x00000000   Code   RO          518    x$fpl$usenofp       fz_wm.l(usenofp.o)
    0x000027be   0x000027be   0x00000002   PAD
    0x000027c0   0x000027c0   0x00000094   Data   RO          546    .constdata          c_w.l(bigflt0.o)
    0x00002854   0x00002854   0x00000020   Data   RO          716    Region$$Table       anon$$obj.o
    0x00002874   0x00002874   0x0000001c   Data   RO          570    locale$$data        c_w.l(lc_numeric_c.o)


    Execution Region ER_RW (Exec base: 0x20000000, Load base: 0x00002890, Size: 0x00000040, Max: 0xffffffff, ABSOLUTE)

    Exec Addr    Load Addr    Size         Type   Attr      Idx    E Section Name        Object

    0x20000000   0x00002890   0x00000028   Data   RW          151    .data               main.o
    0x20000028   0x000028b8   0x00000004   Data   RW          214    .data               isr.o
    0x2000002c   0x000028bc   0x00000012   Data   RW          333    .data               camera_ftm.o


    Execution Region ER_ZI (Exec base: 0x20000040, Load base: 0x000028d0, Size: 0x00000a28, Max: 0xffffffff, ABSOLUTE)

    Exec Addr    Load Addr    Size         Type   Attr      Idx    E Section Name        Object

    0x20000040        -       0x00000464   Zero   RW          150    .bss                main.o
    0x200004a4        -       0x00000164   Zero   RW          332    .bss                camera_ftm.o
    0x20000608        -       0x00000060   Zero   RW          578    .bss                c_w.l(libspace.o)
    0x20000668        -       0x00000000   Zero   RW          394    HEAP                startup_mk64f12.o
    0x20000668        -       0x00000400   Zero   RW          393    STACK               startup_mk64f12.o


==============================================================================

Image component sizes


      Code (inc. data)   RO Data    RW Data    ZI Data      Debug   Object Name

       850        106          0         18        356       4890   camera_ftm.o
       324         80          0          4          0       2058   isr.o
      1264        348          0         40       1124       3577   main.o
       280         30          0          0          0       1783   pwm_motors.o
       160         26          0          0          0       1023   pwm_servo.o
        88         44       1024          0       1024       1140   startup_mk64f12.o
       160         24          0          0          0        565   system_mk64f12.o
        56         18          0          0          0       1012   timer.o
       174         18          0          0          0     352130   uart.o

    ----------------------------------------------------------------------
      3360        694       1056         64       2504     368178   Object Totals
         0          0         32          0          0          0   (incl. Generated)
         4          0          0          2          0          0   (incl. Padding)

    ----------------------------------------------------------------------

      Code (inc. data)   RO Data    RW Data    ZI Data      Debug   Library Member Name

         8          0          0          0          0         68   __main.o
       104          0          0          0          0         84   __printf.o
         0          0          0          0          0          0   __rtentry.o
        12          0          0          0          0          0   __rtentry2.o
         6          0          0          0          0          0   __rtentry4.o
        52          8          0          0          0          0   __scatter.o
        26          0          0          0          0          0   __scatter_copy.o
        28          0          0          0          0          0   __scatter_zi.o
        48          6          0          0          0         96   _printf_char_common.o
         6          0          0          0          0          0   _printf_d.o
       120         16          0          0          0         92   _printf_dec.o
         6          0          0          0          0          0   _printf_f.o
      1054          0          0          0          0        216   _printf_fp_dec.o
       128         16          0          0          0         84   _printf_fp_infnan.o
         6          0          0          0          0          0   _printf_i.o
       178          0          0          0          0         88   _printf_intcommon.o
         0          0          0          0          0          0   _printf_percent.o
         4          0          0          0          0          0   _printf_percent_end.o
        10          0          0          0          0         68   _sputc.o
       228          4        148          0          0         96   bigflt0.o
      1936        128          0          0          0        672   btod.o
        18          0          0          0          0         80   exit.o
         6          0          0          0          0        152   heapauxi.o
         0          0          0          0          0          0   indicate_semi.o
        44         10         28          0          0         76   lc_numeric_c.o
         2          0          0          0          0          0   libinit.o
        22          0          0          0          0          0   libinit2.o
         2          0          0          0          0          0   libshutdown.o
         2          0          0          0          0          0   libshutdown2.o
         8          4          0          0         96         68   libspace.o
       138          0          0          0          0         80   lludiv10.o
        40          6          0          0          0         84   noretval__2sprintf.o
         8          4          0          0          0         68   rt_locale_intlibspace.o
         2          0          0          0          0          0   rtexit.o
        10          0          0          0          0          0   rtexit2.o
       128          0          0          0          0         68   strcmpv7m.o
        12          4          0          0          0         68   sys_exit.o
        74          0          0          0          0         80   sys_stackheap_outer.o
         2          0          0          0          0         68   use_no_semi.o
        98          4          0          0          0        140   d2f.o
       688        140          0          0          0        256   ddiv.o
        46          0          0          0          0        116   dflt_clz.o
       156          4          0          0          0        140   dnaninf.o
        12          0          0          0          0        116   dretinf.o
        86          4          0          0          0        132   f2d.o
       140          4          0          0          0        132   fnaninf.o
        10          0          0          0          0        116   fpinit.o
        10          0          0          0          0        116   fretinf.o
         4          0          0          0          0        116   printf1.o
         0          0          0          0          0          0   usenofp.o
        48          0          0          0          0        124   fpclassify.o

    ----------------------------------------------------------------------
      5792        362        176          0         96       3960   Library Totals
        16          0          0          0          0          0   (incl. Padding)

    ----------------------------------------------------------------------

      Code (inc. data)   RO Data    RW Data    ZI Data      Debug   Library Name

      4478        206        176          0         96       2456   c_w.l
      1250        156          0          0          0       1380   fz_wm.l
        48          0          0          0          0        124   m_wm.l

    ----------------------------------------------------------------------
      5792        362        176          0         96       3960   Library Totals

    ----------------------------------------------------------------------

==============================================================================


      Code (inc. data)   RO Data    RW Data    ZI Data      Debug   

      9152       1056       1232         64       2600     367638   Grand Totals
      9152       1056       1232         64       2600     367638   ELF Image Totals
      9152       1056       1232         64          0          0   ROM Totals

==============================================================================

    Total RO  Size (Code + RO Data)                10384 (  10.14kB)
    Total RW  Size (RW Data + ZI Data)              2664 (   2.60kB)
    Total ROM Size (Code + RO Data + RW Data)      10448 (  10.20kB)

==============================================================================

